Archive member included to satisfy reference by file (symbol)

/opt/gcc-linaro-7.2.1-2017.11-x86_64_arm-eabi/arm-eabi/libc/usr/lib/libc.a(lib_a-atoi.o)
                              ./../../../build/tcc70xx/gcc/tcc70xx-freertos-debug/obj/audio_test.o (atoi)
/opt/gcc-linaro-7.2.1-2017.11-x86_64_arm-eabi/arm-eabi/libc/usr/lib/libc.a(lib_a-memcmp.o)
                              ./../../../build/tcc70xx/gcc/tcc70xx-freertos-debug/obj/FreeRTOS_ARP.o (memcmp)
/opt/gcc-linaro-7.2.1-2017.11-x86_64_arm-eabi/arm-eabi/libc/usr/lib/libc.a(lib_a-memcpy-stub.o)
                              ./../../../build/tcc70xx/gcc/tcc70xx-freertos-debug/obj/iperf_task_v3_0d.o (memcpy)
/opt/gcc-linaro-7.2.1-2017.11-x86_64_arm-eabi/arm-eabi/libc/usr/lib/libc.a(lib_a-memmove.o)
                              ./../../../build/tcc70xx/gcc/tcc70xx-freertos-debug/obj/FreeRTOS_IP.o (memmove)
/opt/gcc-linaro-7.2.1-2017.11-x86_64_arm-eabi/arm-eabi/libc/usr/lib/libc.a(lib_a-memset.o)
                              ./../../../build/tcc70xx/gcc/tcc70xx-freertos-debug/obj/console.o (memset)
/opt/gcc-linaro-7.2.1-2017.11-x86_64_arm-eabi/arm-eabi/libc/usr/lib/libc.a(lib_a-snprintf.o)
                              ./../../../build/tcc70xx/gcc/tcc70xx-freertos-debug/obj/iperf_task_v3_0d.o (snprintf)
/opt/gcc-linaro-7.2.1-2017.11-x86_64_arm-eabi/arm-eabi/libc/usr/lib/libc.a(lib_a-sprintf.o)
                              ./../../../build/tcc70xx/gcc/tcc70xx-freertos-debug/obj/iperf_task_v3_0d.o (sprintf)
/opt/gcc-linaro-7.2.1-2017.11-x86_64_arm-eabi/arm-eabi/libc/usr/lib/libc.a(lib_a-sscanf.o)
                              ./../../../build/tcc70xx/gcc/tcc70xx-freertos-debug/obj/iperf_task_v3_0d.o (sscanf)
/opt/gcc-linaro-7.2.1-2017.11-x86_64_arm-eabi/arm-eabi/libc/usr/lib/libc.a(lib_a-stdio.o)
                              /opt/gcc-linaro-7.2.1-2017.11-x86_64_arm-eabi/arm-eabi/libc/usr/lib/libc.a(lib_a-sscanf.o) (__seofread)
/opt/gcc-linaro-7.2.1-2017.11-x86_64_arm-eabi/arm-eabi/libc/usr/lib/libc.a(lib_a-strcmp.o)
                              ./../../../build/tcc70xx/gcc/tcc70xx-freertos-debug/obj/FreeRTOS_DNS.o (strcmp)
/opt/gcc-linaro-7.2.1-2017.11-x86_64_arm-eabi/arm-eabi/libc/usr/lib/libc.a(lib_a-strcpy.o)
                              ./../../../build/tcc70xx/gcc/tcc70xx-freertos-debug/obj/FreeRTOS_DNS.o (strcpy)
/opt/gcc-linaro-7.2.1-2017.11-x86_64_arm-eabi/arm-eabi/libc/usr/lib/libc.a(lib_a-strlen-stub.o)
                              ./../../../build/tcc70xx/gcc/tcc70xx-freertos-debug/obj/tasks.o (strlen)
/opt/gcc-linaro-7.2.1-2017.11-x86_64_arm-eabi/arm-eabi/libc/usr/lib/libc.a(lib_a-strncmp.o)
                              ./../../../build/tcc70xx/gcc/tcc70xx-freertos-debug/obj/iperf_task_v3_0d.o (strncmp)
/opt/gcc-linaro-7.2.1-2017.11-x86_64_arm-eabi/arm-eabi/libc/usr/lib/libc.a(lib_a-strncpy.o)
                              ./../../../build/tcc70xx/gcc/tcc70xx-freertos-debug/obj/iperf_task_v3_0d.o (strncpy)
/opt/gcc-linaro-7.2.1-2017.11-x86_64_arm-eabi/arm-eabi/libc/usr/lib/libc.a(lib_a-strnlen.o)
                              ./../../../build/tcc70xx/gcc/tcc70xx-freertos-debug/obj/sal_freertos_impl.o (strnlen)
/opt/gcc-linaro-7.2.1-2017.11-x86_64_arm-eabi/arm-eabi/libc/usr/lib/libc.a(lib_a-strtol.o)
                              /opt/gcc-linaro-7.2.1-2017.11-x86_64_arm-eabi/arm-eabi/libc/usr/lib/libc.a(lib_a-atoi.o) (_strtol_r)
/opt/gcc-linaro-7.2.1-2017.11-x86_64_arm-eabi/arm-eabi/libc/usr/lib/libc.a(lib_a-strtoul.o)
                              ./../../../build/tcc70xx/gcc/tcc70xx-freertos-debug/obj/console.o (strtoul)
/opt/gcc-linaro-7.2.1-2017.11-x86_64_arm-eabi/arm-eabi/libc/usr/lib/libc.a(lib_a-svfprintf.o)
                              /opt/gcc-linaro-7.2.1-2017.11-x86_64_arm-eabi/arm-eabi/libc/usr/lib/libc.a(lib_a-snprintf.o) (_svfprintf_r)
/opt/gcc-linaro-7.2.1-2017.11-x86_64_arm-eabi/arm-eabi/libc/usr/lib/libc.a(lib_a-svfscanf.o)
                              /opt/gcc-linaro-7.2.1-2017.11-x86_64_arm-eabi/arm-eabi/libc/usr/lib/libc.a(lib_a-sscanf.o) (__ssvfscanf_r)
/opt/gcc-linaro-7.2.1-2017.11-x86_64_arm-eabi/arm-eabi/libc/usr/lib/libc.a(lib_a-wcrtomb.o)
                              /opt/gcc-linaro-7.2.1-2017.11-x86_64_arm-eabi/arm-eabi/libc/usr/lib/libc.a(lib_a-svfprintf.o) (_wcrtomb_r)
/opt/gcc-linaro-7.2.1-2017.11-x86_64_arm-eabi/arm-eabi/libc/usr/lib/libc.a(lib_a-wcsrtombs.o)
                              /opt/gcc-linaro-7.2.1-2017.11-x86_64_arm-eabi/arm-eabi/libc/usr/lib/libc.a(lib_a-svfprintf.o) (_wcsrtombs_r)
/opt/gcc-linaro-7.2.1-2017.11-x86_64_arm-eabi/arm-eabi/libc/usr/lib/libc.a(lib_a-writer.o)
                              /opt/gcc-linaro-7.2.1-2017.11-x86_64_arm-eabi/arm-eabi/libc/usr/lib/libc.a(lib_a-stdio.o) (_write_r)
/opt/gcc-linaro-7.2.1-2017.11-x86_64_arm-eabi/arm-eabi/libc/usr/lib/libc.a(lib_a-closer.o)
                              /opt/gcc-linaro-7.2.1-2017.11-x86_64_arm-eabi/arm-eabi/libc/usr/lib/libc.a(lib_a-stdio.o) (_close_r)
[...]
Memory Configuration

Name             Origin             Length             Attributes
SRAM             0x0000000000000000 0x0000000000079980 xrw
SRAM_CODELOAD    0x0000000000078980 0x0000000000001000 xrw
SRAM_ARM_STACK   0x0000000000079980 0x0000000000000680 xrw
CAN_NC_SRAM      0x000000000007a000 0x0000000000002000 xrw
NC_SRAM          0x000000000007c000 0x0000000000004000 xrw
REMAP_FLASH      0x0000000001043000 0x0000000000200000 xr
*default*        0x0000000000000000 0xffffffffffffffff

Linker script and memory map

                0x0000000000000000                __VECTOR_START = 0x0
                0x0000000000001000                LOADCODE_SIZE = 0x1000
                0x0000000000004000                DMA_NC_SIZE = 0x4000
                0x0000000000002000                CAN_NC_SIZE = 0x2000
                0x0000000000080000                SRAM_TOTAL_SIZE = 0x80000
                0x0000000000000680                ARM_STACK_SIZE = 0x680
                0x000000000007a000                STACK_BASE_ADDR = (((__VECTOR_START + SRAM_TOTAL_SIZE) - DMA_NC_SIZE) - CAN_NC_SIZE)

.text           0x0000000001043000    0xb9088
                0x0000000001043000                __TEXT_START__ = .
 *startup.o(.text)
 .text          0x0000000001043000      0x240 ./../../../build/tcc70xx/gcc/tcc70xx-freertos-debug/obj/startup.o
                0x0000000001043000                reset
 *(.text)
 .text          0x0000000001043240      0x4a0 ./../../../build/tcc70xx/gcc/tcc70xx-freertos-debug/obj/main.o
                0x0000000001043240                cmain
 .text          0x00000000010436e0     0x1a68 ./../../../build/tcc70xx/gcc/tcc70xx-freertos-debug/obj/can_demo.o
                0x00000000010448cc                CAN_DemoInitialize
                0x0000000001044b20                CAN_DemoTest
                0x0000000001045044                CAN_DemoCreateApp
 .text          0x0000000001045148      0x250 ./../../../build/tcc70xx/gcc/tcc70xx-freertos-debug/obj/can_vcp_ctrl.o
                0x0000000001045304                ControlBreadBoardSensors
 .text          0x0000000001045398     0x3d34 ./../../../build/tcc70xx/gcc/tcc70xx-freertos-debug/obj/console.o
                0x0000000001049050                CreateConsoleTask
 .text          0x00000000010490cc     0x20c0 ./../../../build/tcc70xx/gcc/tcc70xx-freertos-debug/obj/fwupdate.o
                0x00000000010493fc                FWUD_Start
                0x000000000104a9ac                FWUD_Sync
                0x000000000104b110                CreateFWUDTask
 .text          0x000000000104b18c       0xa8 ./../../../build/tcc70xx/gcc/tcc70xx-freertos-debug/obj/idle.o
                0x000000000104b1b8                IDLE_CreateTask
 .text          0x000000000104b234     0x1200 ./../../../build/tcc70xx/gcc/tcc70xx-freertos-debug/obj/iperf_task_v3_0d.o
                0x000000000104b2a4                vIPerfInstall
                0x000000000104c2e0                vIPerfTask
 .text          0x000000000104c434      0x404 ./../../../build/tcc70xx/gcc/tcc70xx-freertos-debug/obj/spi_led.o
                0x000000000104c76c                SPILED_StatusOn
                0x000000000104c794                SPILED_StatusOff
                0x000000000104c7bc                SPILED_CreateAppTask
 .text          0x000000000104c838      0xb0c ./../../../build/tcc70xx/gcc/tcc70xx-freertos-debug/obj/audio_test.o
                0x000000000104c838                AUDIO_Read
                0x000000000104c8b0                AUDIO_DACHwMute
                0x000000000104c8f8                AUDIO_CreateAppTask
                0x000000000104cb8c                AUDIO_Init
                0x000000000104cd18                AUDIO_SampleTest
                0x000000000104d274                AUDIO_TestUsage
 .text          0x000000000104d344      0x37c ./../../../build/tcc70xx/gcc/tcc70xx-freertos-debug/obj/audio_chip_veri.o
                0x000000000104d344                DR_Irq
                0x000000000104d3b4                AUDIO_LRMode_Test
                0x000000000104d698                AUDIO_ErrorOcuur_TEST
 .text          0x000000000104d6c0      0x698 ./../../../build/tcc70xx/gcc/tcc70xx-freertos-debug/obj/wm8904.o
                0x000000000104d6c0                WM8904_SendCmd
                0x000000000104d814                WM8904_ReadCmd
                0x000000000104d95c                WM8904_Initial
                0x000000000104dc64                WM8904_SetVolume
 .text          0x000000000104dd58      0x6a0 ./../../../build/tcc70xx/gcc/tcc70xx-freertos-debug/obj/cpu_test.o
                0x000000000104dd58                Disble_Cache
                0x000000000104dd88                Enable_Cache
                0x000000000104de8c                Calculate_CacheTime
                0x000000000104dfb4                Calculate_FPU
                0x000000000104e35c                RemapMicomTest
 .text          0x000000000104e3f8      0x6dc ./../../../build/tcc70xx/gcc/tcc70xx-freertos-debug/obj/dse_test.o
                0x000000000104e460                DSE_Test_R5AccessFault
                0x000000000104e76c                DSE_Test_SoftFaultCheck
 .text          0x000000000104ead4     0x2e88 ./../../../build/tcc70xx/gcc/tcc70xx-freertos-debug/obj/eflash_test.o
                0x000000000104f690                EFLASHTest_ECC
                0x000000000104f92c                EFLASHTest_RESET
                0x000000000104fac8                EFLASHTest_Int_Test
                0x0000000001050080                EFLASHTest_PflashAccessControl
                0x000000000105031c                EFLASHTest_Int_DFLASHTest
                0x0000000001050bfc                EFLASHTest_DflashEcc
                0x0000000001050e98                EFLASHTest_DflashAccessControl
                0x0000000001051134                EFLASHTest_flashEraseWrite
                0x0000000001051548                EFLASHTest_snorEraseWrite
 .text          0x000000000105195c      0x6b4 ./../../../build/tcc70xx/gcc/tcc70xx-freertos-debug/obj/fmu_test.o
                0x0000000001051fbc                FMU_StartFmuTest
 .text          0x0000000001052010      0x39c ./../../../build/tcc70xx/gcc/tcc70xx-freertos-debug/obj/gdma_test.o
                0x0000000001052010                GDMA_SampleForM2M
 .text          0x00000000010523ac        0x0 ./../../../build/tcc70xx/gcc/tcc70xx-freertos-debug/obj/gdma_ip_test.o
 .text          0x00000000010523ac      0x440 ./../../../build/tcc70xx/gcc/tcc70xx-freertos-debug/obj/gic_test.o
                0x0000000001052484                GIC_Test_SmInt
                0x000000000105265c                GIC_Test_Sgi
 .text          0x00000000010527ec     0x41a4 ./../../../build/tcc70xx/gcc/tcc70xx-freertos-debug/obj/gpio_test.o
                0x0000000001056900                GPIO_StartGpioTest
 .text          0x0000000001056990     0x2234 ./../../../build/tcc70xx/gcc/tcc70xx-freertos-debug/obj/gpsb_test.o
                0x0000000001058634                GPSB_CreateSlaveTestTask
                0x00000000010586d8                GPSB_Test
 .text          0x0000000001058bc4     0x5f3c ./../../../build/tcc70xx/gcc/tcc70xx-freertos-debug/obj/hsm_test.o
                0x000000000105e8b8                HSM_Test
 .text          0x000000000105eb00      0x798 ./../../../build/tcc70xx/gcc/tcc70xx-freertos-debug/obj/i2c_test.o
                0x000000000105f278                I2C_TestMain
 .text          0x000000000105f298      0x838 ./../../../build/tcc70xx/gcc/tcc70xx-freertos-debug/obj/ictc_test.o
                0x000000000105fa70                ICTC_SelectTestCase
 .text          0x000000000105fad0      0xb88 ./../../../build/tcc70xx/gcc/tcc70xx-freertos-debug/obj/lin_test.o
                0x000000000105fad0                LIN_TestUsage
                0x000000000105fb40                LIN_GetDLC
                0x000000000105fbac                LIN_UserResponse
                0x000000000105fcf8                LIN_CreateAppTask
                0x000000000106016c                LIN_SampleTest
 .text          0x0000000001060658      0x76c ./../../../build/tcc70xx/gcc/tcc70xx-freertos-debug/obj/pdm_test.o
                0x0000000001060d54                PDM_SelectTestCase
 .text          0x0000000001060dc4      0x8bc ./../../../build/tcc70xx/gcc/tcc70xx-freertos-debug/obj/pmu_test.o
                0x0000000001060e54                PMU_TEST_FmuMonitoringTest
                0x0000000001060fb4                PMU_TEST_GetRstStatus
                0x0000000001061494                PMU_TEST_RstMonitoringTest
                0x000000000106160c                PMU_TEST_RstReqTest
 .text          0x0000000001061680      0x564 ./../../../build/tcc70xx/gcc/tcc70xx-freertos-debug/obj/rtc_test.o
                0x0000000001061784                RTC_TEST_Time
                0x0000000001061a00                RTC_TEST_Alarm
 .text          0x0000000001061be4      0x128 ./../../../build/tcc70xx/gcc/tcc70xx-freertos-debug/obj/sfmc_test.o
                0x0000000001061c88                SFMC_Test
 .text          0x0000000001061d0c      0x7c8 ./../../../build/tcc70xx/gcc/tcc70xx-freertos-debug/obj/echo_test.o
                0x0000000001061d0c                SOCKTEST_IPInit
                0x0000000001061f40                SOCKTEST_EchoSend
                0x0000000001062254                SOCKTEST_EchoRecv
 .text          0x00000000010624d4     0x12d4 ./../../../build/tcc70xx/gcc/tcc70xx-freertos-debug/obj/timer_test.o
                0x00000000010636a0                TIMER_StartTimerTest
 .text          0x00000000010637a8      0xd94 ./../../../build/tcc70xx/gcc/tcc70xx-freertos-debug/obj/uart_test.o
                0x0000000001064208                UART_ConsoleTxTest
                0x00000000010644c0                UART_SelectTestCase
 .text          0x000000000106453c     0x1518 ./../../../build/tcc70xx/gcc/tcc70xx-freertos-debug/obj/wdt_test.o
                0x0000000001065758                WDT_StartTest
 .text          0x0000000001065a54     0x1014 ./../../../build/tcc70xx/gcc/tcc70xx-freertos-debug/obj/writelock_test.o
                0x0000000001066a38                Test_WriteProtection
 .text          0x0000000001066a68      0x178 ./../../../build/tcc70xx/gcc/tcc70xx-freertos-debug/obj/eth_test.o
                0x0000000001066a68                ETH_TestSend
                0x0000000001066a94                ETH_TestInit
                0x0000000001066ab8                ETH_TestIPInit
                0x0000000001066ba8                ETH_TestIperf
                0x0000000001066bbc                ETH_TestLoopback
 .text          0x0000000001066be0     0x1580 ./../../../build/tcc70xx/gcc/tcc70xx-freertos-debug/obj/spu_test.o
                0x0000000001067a68                SPU_SelectTestCase
                0x0000000001067d4c                SPU_Test_SSL_With_Key
 .text          0x0000000001068160      0x780 ./../../../build/tcc70xx/gcc/tcc70xx-freertos-debug/obj/power_app.o
                0x0000000001068844                POWER_APP_StartDemo
 .text          0x00000000010688e0     0x20dc ./../../../build/tcc70xx/gcc/tcc70xx-freertos-debug/obj/power_com.o
                0x0000000001069cdc                POWER_COM_Start
                0x000000000106a160                POWER_COM_HaltCh
                0x000000000106a278                POWER_COM_SendMsg
                0x000000000106a4ac                POWER_COM_RecvMsg
 .text          0x000000000106a9bc     0x25dc ./../../../build/tcc70xx/gcc/tcc70xx-freertos-debug/obj/spi_eccp.o
                0x000000000106a9bc                ECCP_InitSPIManager
                0x000000000106ae50                ECCP_Open
                0x000000000106b09c                ECCP_Send
                0x000000000106b23c                ECCP_Recv
                0x000000000106ce90                ECCP_Dump
 .text          0x000000000106cf98     0x6068 ./../../../build/tcc70xx/gcc/tcc70xx-freertos-debug/obj/hsm_manager.o
                0x000000000106cf98                HSM_Init
                0x000000000106d7f4                HSM_UpdateVerify
                0x000000000106db8c                HSM_VerifyFw
                0x000000000106dce0                HSM_SetKey
                0x000000000106df18                HSM_RunAes
                0x000000000106e574                HSM_RunAesByKt
                0x000000000106eb48                HSM_GenMac
                0x000000000106f020                HSM_GenMacByKt
                0x000000000106f470                HSM_Verifymac
                0x000000000106f92c                HSM_GenHash
                0x000000000106fca8                HSM_RunRsassa
                0x0000000001070124                HSM_RunEcdsa
                0x00000000010706e8                HSM_RunEcdhPhaseI
                0x0000000001070bec                HSM_RunEcdhPhaseII
                0x0000000001071074                HSM_ComputeEcdhPubKey
                0x0000000001071454                HSM_Pbkdf2
                0x0000000001071950                HSM_CertiParse
                0x0000000001071c64                HSM_CertiVerify
                0x0000000001071f2c                HSM_DfWrite
                0x00000000010721c8                HSM_TRNG
                0x0000000001072460                HSM_PRNG
                0x00000000010727a8                HSM_SelectBank
                0x0000000001072960                HSM_GetVersion
                0x0000000001072b98                HSM_ProgramLDT
                0x0000000001072e18                HSM_ReadLDT
 .text          0x0000000001073000     0x18a0 ./../../../build/tcc70xx/gcc/tcc70xx-freertos-debug/obj/lin.o
                0x000000000107306c                LIN_CalcProtectId
                0x00000000010732dc                LIN_CalcFrameId
                0x0000000001073440                LIN_CalClassicChecksum
                0x00000000010735a0                LIN_CalEnhancedChecksum
                0x0000000001073894                LIN_ReadHeader
                0x0000000001073c4c                LIN_ReadResponse
                0x000000000107401c                LIN_FlushRxData
                0x00000000010740cc                LIN_Init
                0x00000000010743b4                LIN_MasterTx
                0x0000000001074460                LIN_MasterRx
                0x00000000010744c0                LIN_GetStatus
                0x0000000001074604                LIN_RegisterCB
 .text          0x00000000010748a0      0x104 ./../../../build/tcc70xx/gcc/tcc70xx-freertos-debug/obj/swl.o
                0x000000000107493c                SWL_Init
                0x0000000001074970                SWL_Write
 .text          0x00000000010749a4      0x848 ./../../../build/tcc70xx/gcc/tcc70xx-freertos-debug/obj/adc.o
                0x0000000001074d10                ADC_Init
                0x0000000001074e98                ADC_Read
                0x00000000010750d8                ADC_AutoScan
                0x00000000010751a8                ADC_DeInit
 .text          0x00000000010751ec      0xa48 ./../../../build/tcc70xx/gcc/tcc70xx-freertos-debug/obj/can.o
                0x00000000010751ec                CAN_Init
                0x0000000001075384                CAN_Deinit
                0x00000000010754b0                CAN_InitMessage
                0x0000000001075538                CAN_CheckNewRxMessage
                0x0000000001075580                CAN_GetNewRxMessage
                0x0000000001075674                CAN_SendMessage
                0x0000000001075778                CAN_RequestTxMessageCancellation
                0x0000000001075838                CAN_CheckNewTxEvent
                0x0000000001075880                CAN_GetNewTxEvent
                0x00000000010758e0                CAN_SetControllerMode
                0x0000000001075a34                CAN_GetControllerMode
                0x0000000001075ab8                CAN_GetProtocolStatus
                0x0000000001075b38                CAN_RegisterCallbackFunctionTx
                0x0000000001075b8c                CAN_RegisterCallbackFunctionRx
                0x0000000001075be0                CAN_RegisterCallbackFunctionError
 .text          0x0000000001075c34     0x3424 ./../../../build/tcc70xx/gcc/tcc70xx-freertos-debug/obj/can_drv.o
                0x0000000001075c34                CAN_DrvGetControllerInfo
                0x0000000001075ecc                CAN_DrvInitChannel
                0x0000000001075f98                CAN_DrvDeinitChannel
                0x0000000001076078                CAN_DrvSetNormalOperationMode
                0x00000000010761fc                CAN_DrvSetMonitoringMode
                0x00000000010762e4                CAN_DrvResetController
                0x0000000001076338                CAN_DrvSetInternalTestMode
                0x0000000001076448                CAN_DrvSetExternalTestMode
                0x0000000001076544                CAN_DrvSetWakeUpMode
                0x00000000010766c0                CAN_DrvSetSleepMode
                0x0000000001078354                CAN_DrvGetProtocolStatus
                0x0000000001078edc                CAN_DrvCallbackNotifyRxEvent
 .text          0x0000000001079058     0x1b68 ./../../../build/tcc70xx/gcc/tcc70xx-freertos-debug/obj/can_msg.o
                0x0000000001079058                CAN_MsgInit
                0x0000000001079e14                CAN_MsgPutRxMessage
                0x0000000001079eb8                CAN_MsgGetCountOfRxMessage
                0x0000000001079fec                CAN_MsgGetRxMessage
                0x000000000107a4f0                CAN_MsgSetTxMessage
                0x000000000107a854                CAN_MsgRequestTxMessageCancellation
                0x000000000107a8e8                CAN_MsgGetCountOfTxEvent
                0x000000000107a974                CAN_MsgGetTxEventMessage
 .text          0x000000000107abc0        0x0 ./../../../build/tcc70xx/gcc/tcc70xx-freertos-debug/obj/can_par.o
 .text          0x000000000107abc0      0xd24 ./../../../build/tcc70xx/gcc/tcc70xx-freertos-debug/obj/can_porting.o
                0x000000000107abc0                CAN_PortingDelay
                0x000000000107ac24                CAN_PortingInitHW
                0x000000000107ad50                CAN_PortingSetControllerClock
                0x000000000107ae24                CAN_PortingResetDriver
                0x000000000107afa8                CAN_PortingSetInterruptHandler
                0x000000000107b020                CAN_PortingDisableControllerInterrupts
                0x000000000107b074                CAN_PortingEnableControllerInterrupts
                0x000000000107b0c8                CAN_PortingGetSizeofStandardIDFilterList
                0x000000000107b10c                CAN_PortingGetSizeofExtendedIDFilterList
                0x000000000107b150                CAN_PortingGetSizeofRxFIFO0
                0x000000000107b194                CAN_PortingGetSizeofRxFIFO1
                0x000000000107b1d8                CAN_PortingGetSizeofRxBuffer
                0x000000000107b21c                CAN_PortingGetSizeofTxEventBuffer
                0x000000000107b260                CAN_PortingGetSizeofTxBuffer
                0x000000000107b2a4                CAN_PortingGetBitRateSwitchEnable
                0x000000000107b2e8                CAN_PortingGetFDEnable
                0x000000000107b32c                CAN_PortingGetStandardIDFilterEnable
                0x000000000107b370                CAN_PortingGetExtendedIDFilterEnable
                0x000000000107b3b4                CAN_PortingGetStandardIDRemoteRejectEnable
                0x000000000107b3f8                CAN_PortingGetExtendedIDRemoteRejectEnable
                0x000000000107b43c                CAN_PortingGetTxEventFIFOEnable
                0x000000000107b480                CAN_PortingGetWatchDogEnable
                0x000000000107b4c4                CAN_PortingGetTimeOutEnable
                0x000000000107b508                CAN_PortingGetTimeStampEnable
                0x000000000107b54c                CAN_PortingAllocateNonCacheMemory
                0x000000000107b5dc                CAN_PortingDeallocateNonCacheMemory
                0x000000000107b61c                CAN_PortingGetControllerRegister
                0x000000000107b6a4                CAN_PortingGetConfigBaseAddr
                0x000000000107b6d0                CAN_PortingGetMessageRamBaseAddr
                0x000000000107b75c                CAN_PortingGetConfigEXTS0Addr
                0x000000000107b7d8                CAN_PortingGetConfigEXTS1Addr
                0x000000000107b854                CAN_PortingGetConfigWritePasswordAddr
                0x000000000107b89c                CAN_PortingGetConfigWriteLockAddr
 *fill*         0x000000000107b8e4        0x4 
 .text          0x000000000107b8e8     0x22a0 ./../../../build/tcc70xx/gcc/tcc70xx-freertos-debug/obj/clock_dev.o
                0x000000000107ca34                CLOCK_Init
                0x000000000107cafc                CLOCK_SetPllDiv
                0x000000000107cc60                CLOCK_GetPllRate
                0x000000000107ccd8                CLOCK_SetPllRate
                0x000000000107d29c                CLOCK_SetClkCtrlRate
                0x000000000107d33c                CLOCK_GetClkCtrlRate
                0x000000000107d494                CLOCK_IsPeriEnabled
                0x000000000107d4fc                CLOCK_EnablePeri
                0x000000000107d55c                CLOCK_DisablePeri
                0x000000000107d5bc                CLOCK_GetPeriRate
                0x000000000107d738                CLOCK_SetPeriRate
                0x000000000107d854                CLOCK_IsIobusPwdn
                0x000000000107d908                CLOCK_EnableIobus
                0x000000000107d9a8                CLOCK_SetIobusPwdn
                0x000000000107da98                CLOCK_SetSwReset
 .text          0x000000000107db88      0xba8 ./../../../build/tcc70xx/gcc/tcc70xx-freertos-debug/obj/debug.o
                0x000000000107db88                DBG_Putc
                0x000000000107dfe8                DBG_Printfi
                0x000000000107e704                DBG_SerialPrintf
 .text          0x000000000107e730      0x118 ./../../../build/tcc70xx/gcc/tcc70xx-freertos-debug/obj/bsp.o
                0x000000000107e730                BSP_PreInit
                0x000000000107e750                BSP_Init
                0x000000000107e7b8                BSP_UndefAbortExceptionHook
                0x000000000107e7e0                BSP_SystemHalt
                0x000000000107e820                BSP_EnableSYSPower
 .text          0x000000000107e848      0x440 ./../../../build/tcc70xx/gcc/tcc70xx-freertos-debug/obj/dse.o
                0x000000000107e8b0                DSE_WriteLock
                0x000000000107eaa8                DSE_Deinit
                0x000000000107eb04                DSE_Init
                0x000000000107ec5c                DSE_GetGrpSts
 .text          0x000000000107ec88     0x2650 ./../../../build/tcc70xx/gcc/tcc70xx-freertos-debug/obj/eflash.o
                0x000000000107f7d8                EFLASH_WriteByte
                0x000000000107fd68                EFLASH_DFLASH_WriteByte
                0x0000000001080094                EFLASH_Erase
                0x00000000010806a8                EFLASH_Init
                0x00000000010806e4                EFLASH_FWDN_LowFormat
                0x0000000001080744                EFLASH_FWDN_Read
                0x0000000001080924                EFLASH_FWDN_Write
                0x0000000001081238                FLASH_ReadLDT
 .text          0x00000000010812d8     0x2798 ./../../../build/tcc70xx/gcc/tcc70xx-freertos-debug/obj/eth.o
                0x00000000010813ac                ETH_PrintPkt
                0x0000000001081be0                ETH_UpdateLink
                0x0000000001081ecc                ETH_GetLinkStatus
                0x0000000001081ef0                ETH_Rx
                0x0000000001082410                ETH_SetMacAddress
                0x0000000001082f24                ETH_Send
                0x0000000001082f68                ETH_Recv
                0x00000000010830bc                ETH_SetRecvBuff
                0x0000000001083198                ETH_RegisterTask
                0x00000000010831c8                ETH_CreateRecvTask
                0x0000000001083340                ETH_SetRecvCallback
                0x0000000001083370                ETH_Prepare
                0x0000000001083438                ETH_Init
                0x0000000001083450                ETH_CornerSample_Test
 .text          0x0000000001083a70     0x120c ./../../../build/tcc70xx/gcc/tcc70xx-freertos-debug/obj/eth_mii.o
                0x0000000001083eb8                PHY_Read
                0x0000000001083f34                PHY_Write
                0x0000000001084244                PHY_SetMasterSlave
                0x00000000010842e0                PHY_GetMasterSlave
                0x0000000001084334                PHY_ReadStatus
                0x00000000010844b4                PHY_Init
                0x0000000001084898                PHY_InitLoopback
 .text          0x0000000001084c7c     0x1788 ./../../../build/tcc70xx/gcc/tcc70xx-freertos-debug/obj/fmu.o
                0x0000000001085eec                FMU_Init
                0x0000000001085f74                FMU_IsrHandler
                0x000000000108607c                FMU_Set
                0x0000000001086378                FMU_IsrClr
                0x00000000010863d0                FMU_Deinit
 .text          0x0000000001086404     0x1470 ./../../../build/tcc70xx/gcc/tcc70xx-freertos-debug/obj/gdma.o
                0x0000000001086404                GDMA_InterruptEnable
                0x0000000001086500                GDMA_InterruptDisable
                0x00000000010865fc                GDMA_SetAddrIncrement
                0x00000000010866f4                GDMA_SetTransferWidth
                0x00000000010867ec                GDMA_SetBurstSize
                0x00000000010868e4                GDMA_SetTransferSize
                0x00000000010869bc                GDMA_SetFlowControl
                0x0000000001086a94                GDMA_Reset
                0x0000000001086b00                GDMA_SetPeri
                0x0000000001086bc0                GDMA_GetTransferSize
                0x0000000001086e60                GDMA_ChannelEnable
                0x0000000001086f28                GDMA_WaitInterrupt
                0x0000000001087008                GDMA_ChannelDisable
                0x0000000001087184                GDMA_SetSrcAddr
                0x000000000108722c                GDMA_SetDestAddr
                0x00000000010872d4                GDMA_SetlliAddr
                0x000000000108737c                GDMA_TransferMem2Mem
                0x0000000001087644                GDMA_Init
 .text          0x0000000001087874      0xda8 ./../../../build/tcc70xx/gcc/tcc70xx-freertos-debug/obj/gic.o
                0x0000000001087b14                GIC_Init
                0x0000000001087c4c                GIC_IntSrcEn
                0x0000000001087d74                GIC_IntSrcDis
                0x0000000001087e9c                GIC_IntPrioSet
                0x0000000001087f2c                GIC_IntVectSet
                0x0000000001088150                GIC_IntHandlerWithParam
                0x0000000001088238                GIC_IntHandler
                0x0000000001088334                GIC_IntSGI
                0x00000000010883dc                GIC_SmIrqEn
                0x00000000010884fc                GIC_SmIrqSetHigh
 .text          0x000000000108861c      0xff8 ./../../../build/tcc70xx/gcc/tcc70xx-freertos-debug/obj/gpio.o
                0x00000000010886a4                GPIO_Config
                0x0000000001088ba4                GPIO_Get
                0x0000000001088c28                GPIO_Set
                0x0000000001088cf4                GPIO_ToNum
                0x0000000001088de4                GPIO_PerichSel
                0x0000000001089038                GPIO_MfioCfg
                0x00000000010894d0                GPIO_IntExtSet
 .text          0x0000000001089614     0x87f0 ./../../../build/tcc70xx/gcc/tcc70xx-freertos-debug/obj/gpsb.o
                0x000000000108a36c                GPSB_Reset
                0x000000000108b26c                GPSB_SetSpeed
                0x000000000108b53c                GPSB_SetBpw
                0x000000000108b848                GPSB_SetBpwNoSwap
                0x000000000108ba98                GPSB_SetMode
                0x000000000108c00c                GPSB_CsAlloc
                0x000000000108c194                GPSB_CsInit
                0x000000000108c284                GPSB_CsActivate
                0x000000000108c338                GPSB_CsDeactivate
                0x000000000108d798                GPSB_AsyncXfer
                0x000000000108dc64                GPSB_Xfer
                0x000000000108e42c                GPSB_Open
                0x000000000108ec0c                GPSB_Close
                0x0000000001090444                GPSB_SetLbCfg
                0x00000000010905bc                GPSB_ClearLbCfg
                0x0000000001090be8                GPSB_Init
                0x0000000001090d90                GPSB_Deinit
                0x0000000001090df0                GPSB_SafetyEnableLock
                0x0000000001090f08                GPSB_SafetyDisableLock
                0x0000000001091020                GPSB_SafetyEnableLoopback
                0x000000000109118c                GPSB_SafetyDisableLoopback
                0x00000000010912a4                GPSB_SafetyEnableMonitor
                0x00000000010914cc                GPSB_SafetyDisableMonitor
                0x0000000001091598                GPSB_SafetyGetStatus
                0x000000000109176c                GPSB_FillSlaveTXData
                0x0000000001091988                GPSB_SetSlaveDMAMode
                0x0000000001091c94                GPSB_GetSlaveRXData
                0x0000000001091cd0                GPSB_GetStatus
                0x0000000001091d10                GPSB_ClearDMABuffer
 .text          0x0000000001091e04        0x0 ./../../../build/tcc70xx/gcc/tcc70xx-freertos-debug/obj/gpsb_reg.o
 .text          0x0000000001091e04     0x5050 ./../../../build/tcc70xx/gcc/tcc70xx-freertos-debug/obj/i2c.o
                0x00000000010922a8                I2C_ScanSlave
                0x0000000001094018                I2C_Xfer
                0x00000000010942e0                I2C_XferCmd
                0x00000000010964fc                I2C_Open
                0x000000000109693c                I2C_Close
                0x0000000001096d0c                I2C_Init
                0x0000000001096e14                I2C_Deinit
 .text          0x0000000001096e54        0x0 ./../../../build/tcc70xx/gcc/tcc70xx-freertos-debug/obj/i2c_reg.o
 .text          0x0000000001096e54     0x2704 ./../../../build/tcc70xx/gcc/tcc70xx-freertos-debug/obj/i2s.o
                0x0000000001096ec0                I2S_SetGpiofunction
                0x00000000010971d4                I2S_SetClock
                0x00000000010977b0                I2S_GetTransferSize
                0x000000000109790c                I2S_SetTransferSize
                0x0000000001097b0c                I2S_TxAdmaSetting
                0x0000000001097cf4                I2S_SetTASMode
                0x0000000001097d20                I2S_SetAICMode
                0x0000000001097d4c                I2S_TASClear
                0x0000000001097d8c                I2S_SetTASRxFifoThreshold
                0x0000000001097dc8                I2S_SetTASTxFifoThreshold
                0x0000000001097e04                I2S_HopClear
                0x0000000001097e44                I2S_FifoClear
                0x0000000001097eb8                I2S_DmaReset
                0x0000000001097f20                I2S_SWReset
                0x0000000001097f8c                I2S_DaifSetting
                0x0000000001098264                I2S_DAMREnable
                0x0000000001098290                I2S_DAMRDisable
                0x00000000010982bc                I2S_DAIEnable
                0x0000000001098328                I2S_DAIDisable
                0x0000000001098394                I2S_DMAInit
                0x00000000010984dc                I2S_DMAEnable
                0x0000000001098548                I2S_DMADisable
                0x00000000010985b4                I2S_Irq_Enable
                0x0000000001098620                I2S_Irq_Disable
                0x000000000109868c                I2S_ErrCheck_Enable
                0x00000000010986cc                I2S_ErrCheck_Disable
                0x0000000001098708                I2S_ErrCheck_Clear
                0x0000000001098748                I2S_ErrCheck_GetStatus
                0x0000000001098774                I2S_Enable
                0x00000000010987b8                I2S_Disable
                0x0000000001098800                I2S_GetTxDMAStatus
                0x000000000109882c                I2S_SetTxDaSar
                0x000000000109885c                I2S_SetTxDaSarL
                0x000000000109888c                I2S_GetTxDaCsar
                0x00000000010988b0                I2S_GetTxDaCsarL
                0x00000000010988d4                I2S_Irq
                0x00000000010989bc                I2S_UpdateStatus
                0x0000000001098fbc                I2S_GetAvailable
                0x00000000010990e4                I2S_PcmWrite
                0x00000000010992b8                I2S_PcmRead
                0x0000000001099488                I2S_RepeatMode
 .text          0x0000000001099558     0x1fe4 ./../../../build/tcc70xx/gcc/tcc70xx-freertos-debug/obj/ictc.o
                0x0000000001099558                ICTC_GetIsrResult
                0x00000000010995b0                ICTC_ClearIsrResult
                0x00000000010998e8                ICTC_Init
                0x0000000001099bbc                ICTC_Deinit
                0x0000000001099c5c                ICTC_GetPrePeriodCnt
                0x0000000001099d90                ICTC_GetPreDutyCnt
                0x0000000001099ec4                ICTC_GetCurEdgeCnt
                0x0000000001099ff8                ICTC_GetPrvEdgeCnt
                0x000000000109a12c                ICTC_GetREdgeTstmpCnt
                0x000000000109a35c                ICTC_GetFEdgeTstmpCnt
                0x000000000109a684                ICTC_EnableCapture
                0x000000000109a79c                ICTC_DisableCapture
                0x000000000109a8c0                ICTC_SetOpEnCtrlCounter
                0x000000000109a97c                ICTC_SetOpModeCtrlReg
                0x000000000109aed0                ICTC_SetIRQCtrlReg
                0x000000000109b1c0                ICTC_SetCallBackFunc
                0x000000000109b268                ICTC_SetTimeoutValue
                0x000000000109b2f0                ICTC_SetEdgeMatchingValue
                0x000000000109b448                ICTC_SetCompareRoundValue
 .text          0x000000000109b53c      0x508 ./../../../build/tcc70xx/gcc/tcc70xx-freertos-debug/obj/mbox.o
                0x000000000109b53c                MBOX_Init
                0x000000000109b598                MBOX_DevSendSss
                0x000000000109b82c                MBOX_DevRecvSss
                0x000000000109ba08                MBOX_Flush
 .text          0x000000000109ba44      0x884 ./../../../build/tcc70xx/gcc/tcc70xx-freertos-debug/obj/midf.o
                0x000000000109ba44                MIDF_FilterInitialize
                0x000000000109bce0                MIDF_RegisterFilterRegion
                0x000000000109c024                MIDF_UnregisterFilterRegion
 .text          0x000000000109c2c8      0x420 ./../../../build/tcc70xx/gcc/tcc70xx-freertos-debug/obj/mpu.o
                0x000000000109c418                MPU_Init
                0x000000000109c690                MPU_GetDMABaseAddress
                0x000000000109c6bc                MPU_GetCANBaseAddress
 .text          0x000000000109c6e8       0x68 ./../../../build/tcc70xx/gcc/tcc70xx-freertos-debug/obj/preload.o
                0x000000000109c6e8                PRELOAD_loadOnRam
 .text          0x000000000109c750     0x34f4 ./../../../build/tcc70xx/gcc/tcc70xx-freertos-debug/obj/pdm.o
                0x000000000109ed14                PDM_CfgSetWrPw
                0x000000000109ed54                PDM_CfgSetWrLock
                0x000000000109ed94                PDM_EnableClock
                0x000000000109ef14                PDM_DisableClock
                0x000000000109ef3c                PDM_Init
                0x000000000109f468                PDM_Deinit
                0x000000000109f4b8                PDM_Enable
                0x000000000109f710                PDM_Disable
                0x000000000109f8f8                PDM_GetChannelStatus
                0x000000000109fa00                PDM_SetConfig
 .text          0x000000000109fc44     0x19f4 ./../../../build/tcc70xx/gcc/tcc70xx-freertos-debug/obj/pmio_dev.o
                0x00000000010a0788                PMIO_EarlyWakeUp
                0x00000000010a07e0                PMIO_PowerDown
                0x00000000010a09ac                PMIO_DebugPrintPowerStatus
                0x00000000010a0be0                PMIO_Init
                0x00000000010a0e60                PMIO_GetBootReason
                0x00000000010a0f5c                PMIO_SetGpk
                0x00000000010a0fa0                PMIO_SetNotiGpkIrq
 .text          0x00000000010a1638      0x674 ./../../../build/tcc70xx/gcc/tcc70xx-freertos-debug/obj/pmio_dev_extn_pw_ctl.o
                0x00000000010a1734                PMIO_EXTN_Init
                0x00000000010a1a88                PMIO_EXTN_SetStr
                0x00000000010a1b5c                PMIO_EXTN_SetPower
                0x00000000010a1c88                PMIO_EXTN_GetUsingGpk32
 .text          0x00000000010a1cac      0x914 ./../../../build/tcc70xx/gcc/tcc70xx-freertos-debug/obj/pmu.o
                0x00000000010a215c                PMU_Init
                0x00000000010a2288                PMU_GetResetOccur
                0x00000000010a23a0                PMU_EnableResetMonitor
                0x00000000010a2408                PMU_DisableResetMonitor
                0x00000000010a2470                PMU_ColdReset
                0x00000000010a24ac                PMU_WarmReset
                0x00000000010a24e8                PMU_ClearPvtError
 .text          0x00000000010a25c0      0xd18 ./../../../build/tcc70xx/gcc/tcc70xx-freertos-debug/obj/rtc_dev.o
                0x00000000010a2ac8                RTC_Init
                0x00000000010a2b64                RTC_SetTime
                0x00000000010a2ca0                RTC_GetTime
                0x00000000010a2de4                RTC_SetAlarm
                0x00000000010a314c                RTC_EnableAlarm
                0x00000000010a32a8                RTC_ClearAlarm
 .text          0x00000000010a32d8     0xb964 ./../../../build/tcc70xx/gcc/tcc70xx-freertos-debug/obj/snor_mio.o
                0x00000000010aa2e0                SNOR_MIO_Init
                0x00000000010acef8                SNOR_MIO_Erase
                0x00000000010adc5c                SNOR_MIO_Write
                0x00000000010adf88                SNOR_MIO_Read_Fast
                0x00000000010ae01c                SNOR_MIO_Read
                0x00000000010ae0b0                SNOR_MIO_FWDN_LowFormat
                0x00000000010ae0e4                SNOR_MIO_FWDN_Read
                0x00000000010ae264                SNOR_MIO_FWDN_Write
                0x00000000010aeadc                SNOR_MIO_AutoRun
 *fill*         0x00000000010aec3c        0x4 
 .text          0x00000000010aec40     0x2448 ./../../../build/tcc70xx/gcc/tcc70xx-freertos-debug/obj/spu.o
                0x00000000010aef60                SPU_Get_STS
                0x00000000010af00c                SPU_Init
                0x00000000010af2c8                SPU_DeInit
                0x00000000010af300                SPU_Start_WG_Chain
                0x00000000010af508                SPU_Stop_WG_Chain
                0x00000000010af5bc                SPU_Start_SSL_Chain
                0x00000000010af740                SPU_Stop_SSL_Chain
                0x00000000010af808                SPU_Set_Volume_Controller
                0x00000000010af9dc                SPU_Set_Channel_Mute
 .text          0x00000000010b1088      0xb90 ./../../../build/tcc70xx/gcc/tcc70xx-freertos-debug/obj/ssm.o
                0x00000000010b1480                SSM_EccEnable
                0x00000000010b1730                SSM_EccDisable
                0x00000000010b1a30                SSM_SoftFaultCheckEnable
                0x00000000010b1b34                SSM_SoftFautlCheckDisable
 .text          0x00000000010b1c18     0x11bc ./../../../build/tcc70xx/gcc/tcc70xx-freertos-debug/obj/timer.o
                0x00000000010b1d08                TIMER_InterruptClear
                0x00000000010b1d80                TIMER_Enable
                0x00000000010b1dcc                TIMER_EnableWithMode
                0x00000000010b1e54                TIMER_EnableWithCfg
                0x00000000010b2a84                TIMER_Disable
                0x00000000010b2c48                TIMER_Init
 .text          0x00000000010b2dd4     0x4bb4 ./../../../build/tcc70xx/gcc/tcc70xx-freertos-debug/obj/uart.o
                0x00000000010b2dd4                UART_Open
                0x00000000010b2e74                UART_Close
                0x00000000010b3114                UART_Read
                0x00000000010b32dc                UART_Write
                0x00000000010b347c                UART_GetData
                0x00000000010b35e8                UART_GetChar
                0x00000000010b3794                UART_PutChar
                0x00000000010b38ac                UART_SetLineControlReg
                0x00000000010b3934                UART_SetInterruptClearReg
                0x00000000010b396c                UART_SetErrorClearReg
                0x00000000010b39a4                UART_GetReceiveStatusReg
                0x00000000010b39dc                UART_GetRawInterruptStatusReg
                0x00000000010b3a14                UART_Init
                0x00000000010b3af8                UART_ISR
 .text          0x00000000010b7988      0x670 ./../../../build/tcc70xx/gcc/tcc70xx-freertos-debug/obj/wdt.o
                0x00000000010b7c3c                WDT_KickPing
                0x00000000010b7c5c                WDT_ResetSystem
                0x00000000010b7ce0                WDT_Stop
                0x00000000010b7d64                WDT_SmMode
                0x00000000010b7eec                WDT_Init
 .text          0x00000000010b7ff8      0x670 ./../../../build/tcc70xx/gcc/tcc70xx-freertos-debug/obj/wdt_pmu.o
                0x00000000010b82ac                WDTPMU_KickPing
                0x00000000010b82cc                WDTPMU_ResetSystem
                0x00000000010b8350                WDTPMU_Stop
                0x00000000010b83d4                WDTPMU_SmMode
                0x00000000010b855c                WDTPMU_Init
 .text          0x00000000010b8668     0x3668 ./../../../build/tcc70xx/gcc/tcc70xx-freertos-debug/obj/tasks.o
                0x00000000010b8668                xTaskCreateStatic
                0x00000000010b8750                xTaskCreate
                0x00000000010b8bac                vTaskDelete
                0x00000000010b8d00                vTaskDelayUntil
                0x00000000010b8e40                vTaskDelay
                0x00000000010b8eb0                eTaskGetState
                0x00000000010b8ffc                uxTaskPriorityGet
                0x00000000010b9054                uxTaskPriorityGetFromISR
                0x00000000010b90b8                vTaskPrioritySet
                0x00000000010b92d0                vTaskSuspend
                0x00000000010b94b0                vTaskResume
                0x00000000010b95c0                xTaskResumeFromISR
                0x00000000010b96f8                vTaskStartScheduler
                0x00000000010b9814                vTaskEndScheduler
                0x00000000010b983c                vTaskSuspendAll
                0x00000000010b9874                xTaskResumeAll
                0x00000000010b9a7c                xTaskGetTickCount
                0x00000000010b9ab0                xTaskGetTickCountFromISR
                0x00000000010b9af0                uxTaskGetNumberOfTasks
                0x00000000010b9b14                pcTaskGetName
                0x00000000010b9d20                xTaskGetHandle
                0x00000000010b9e54                xTaskCatchUpTicks
                0x00000000010b9ec0                xTaskAbortDelay
                0x00000000010ba004                xTaskIncrementTick
                0x00000000010ba2ac                vTaskSwitchContext
                0x00000000010ba488                vTaskPlaceOnEventList
                0x00000000010ba4e0                vTaskPlaceOnUnorderedEventList
                0x00000000010ba56c                vTaskPlaceOnEventListRestricted
                0x00000000010ba5dc                xTaskRemoveFromEventList
                0x00000000010ba718                vTaskRemoveFromUnorderedEventList
                0x00000000010ba82c                vTaskSetTimeOutState
                0x00000000010ba888                vTaskInternalSetTimeOutState
                0x00000000010ba8d0                xTaskCheckForTimeOut
                0x00000000010baa24                vTaskMissedYield
                0x00000000010baccc                xTaskGetCurrentTaskHandle
                0x00000000010bacfc                xTaskGetSchedulerState
                0x00000000010bad64                xTaskPriorityInherit
                0x00000000010baf00                xTaskPriorityDisinherit
                0x00000000010bb04c                vTaskPriorityDisinheritAfterTimeout
                0x00000000010bb1ec                uxTaskResetEventItemValue
                0x00000000010bb244                pvTaskIncrementMutexHeldCount
                0x00000000010bb294                ulTaskNotifyTake
                0x00000000010bb380                xTaskNotifyWait
                0x00000000010bb4b0                xTaskGenericNotify
                0x00000000010bb6a8                xTaskGenericNotifyFromISR
                0x00000000010bb900                vTaskNotifyGiveFromISR
                0x00000000010bba88                xTaskNotifyStateClear
                0x00000000010bbb08                ulTaskNotifyValueClear
 .text          0x00000000010bbcd0      0x294 ./../../../build/tcc70xx/gcc/tcc70xx-freertos-debug/obj/list.o
                0x00000000010bbcd0                vListInitialise
                0x00000000010bbd38                vListInitialiseItem
                0x00000000010bbd64                vListInsertEnd
                0x00000000010bbdec                vListInsert
                0x00000000010bbec4                uxListRemove
 .text          0x00000000010bbf64     0x2278 ./../../../build/tcc70xx/gcc/tcc70xx-freertos-debug/obj/queue.o
                0x00000000010bbf64                xQueueGenericReset
                0x00000000010bc090                xQueueGenericCreateStatic
                0x00000000010bc198                xQueueGenericCreate
                0x00000000010bc324                xQueueCreateMutex
                0x00000000010bc378                xQueueCreateMutexStatic
                0x00000000010bc3d8                xQueueGetMutexHolder
                0x00000000010bc430                xQueueGetMutexHolderFromISR
                0x00000000010bc48c                xQueueGiveMutexRecursive
                0x00000000010bc528                xQueueTakeMutexRecursive
                0x00000000010bc5cc                xQueueCreateCountingSemaphoreStatic
                0x00000000010bc650                xQueueCreateCountingSemaphore
                0x00000000010bc6c4                xQueueGenericSend
                0x00000000010bc998                xQueueGenericSendFromISR
                0x00000000010bcb7c                xQueueGiveFromISR
                0x00000000010bcd14                xQueueReceive
                0x00000000010bcf5c                xQueueSemaphoreTake
                0x00000000010bd20c                xQueuePeek
                0x00000000010bd45c                xQueueReceiveFromISR
                0x00000000010bd5a4                xQueuePeekFromISR
                0x00000000010bd684                uxQueueMessagesWaiting
                0x00000000010bd6c8                uxQueueSpacesAvailable
                0x00000000010bd720                uxQueueMessagesWaitingFromISR
                0x00000000010bd768                vQueueDelete
                0x00000000010bdbbc                xQueueIsQueueEmptyFromISR
                0x00000000010bdc70                xQueueIsQueueFullFromISR
                0x00000000010bdcd8                vQueueAddToRegistry
                0x00000000010bdd6c                pcQueueGetName
                0x00000000010bddf8                vQueueUnregisterQueue
                0x00000000010bde94                vQueueWaitForMessageRestricted
                0x00000000010bdf38                xQueueCreateSet
                0x00000000010bdf6c                xQueueAddToSet
                0x00000000010bdfe4                xQueueRemoveFromSet
                0x00000000010be068                xQueueSelectFromSet
                0x00000000010be0a8                xQueueSelectFromSetFromISR
 .text          0x00000000010be1dc      0x8e4 ./../../../build/tcc70xx/gcc/tcc70xx-freertos-debug/obj/event_groups.o
                0x00000000010be1dc                xEventGroupCreateStatic
                0x00000000010be260                xEventGroupCreate
                0x00000000010be2bc                xEventGroupSync
                0x00000000010be4a4                xEventGroupWaitBits
                0x00000000010be6dc                xEventGroupClearBits
                0x00000000010be75c                xEventGroupGetBitsFromISR
                0x00000000010be7a0                xEventGroupSetBits
                0x00000000010be954                vEventGroupDelete
                0x00000000010be9e8                vEventGroupSetBitsCallback
                0x00000000010bea14                vEventGroupClearBitsCallback
 .text          0x00000000010beac0      0xfe0 ./../../../build/tcc70xx/gcc/tcc70xx-freertos-debug/obj/timers.o
                0x00000000010beac0                xTimerCreateTimerTask
                0x00000000010beb94                xTimerCreate
                0x00000000010bec08                xTimerCreateStatic
                0x00000000010bed50                xTimerGenericCommand
                0x00000000010bee44                xTimerGetTimerDaemonTaskHandle
                0x00000000010bee80                xTimerGetPeriod
                0x00000000010beec0                vTimerSetReloadMode
                0x00000000010bef40                uxTimerGetReloadMode
                0x00000000010befa8                xTimerGetExpiryTime
                0x00000000010beff0                pcTimerGetName
                0x00000000010bf8b0                xTimerIsTimerActive
                0x00000000010bf918                pvTimerGetTimerID
                0x00000000010bf964                vTimerSetTimerID
                0x00000000010bf9b0                xTimerPendFunctionCallFromISR
                0x00000000010bfa1c                xTimerPendFunctionCall
 .text          0x00000000010bfaa0     0x126c ./../../../build/tcc70xx/gcc/tcc70xx-freertos-debug/obj/stream_buffer.o
                0x00000000010bfaa0                xStreamBufferGenericCreate
                0x00000000010bfb78                xStreamBufferGenericCreateStatic
                0x00000000010bfc9c                vStreamBufferDelete
                0x00000000010bfd00                xStreamBufferReset
                0x00000000010bfda0                xStreamBufferSetTriggerLevel
                0x00000000010bfe28                xStreamBufferSpacesAvailable
                0x00000000010bfec4                xStreamBufferBytesAvailable
                0x00000000010bff08                xStreamBufferSend
                0x00000000010c00f0                xStreamBufferSendFromISR
                0x00000000010c02f0                xStreamBufferReceive
                0x00000000010c0494                xStreamBufferNextMessageLengthBytes
                0x00000000010c0554                xStreamBufferReceiveFromISR
                0x00000000010c0724                xStreamBufferIsEmpty
                0x00000000010c0794                xStreamBufferIsFull
                0x00000000010c0820                xStreamBufferSendCompletedFromISR
                0x00000000010c08bc                xStreamBufferReceiveCompletedFromISR
 .text          0x00000000010c0d0c      0x8cc ./../../../build/tcc70xx/gcc/tcc70xx-freertos-debug/obj/port.o
                0x00000000010c0d0c                pxPortInitialiseStack
                0x00000000010c0fa0                xPortStartScheduler
                0x00000000010c10e4                vPortEndScheduler
                0x00000000010c1114                vPortEnterCritical
                0x00000000010c1170                vPortExitCritical
                0x00000000010c11fc                FreeRTOS_Tick_Handler
                0x00000000010c1290                vPortTaskUsesFPU
                0x00000000010c12cc                vPortClearInterruptMask
                0x00000000010c1328                ulPortSetInterruptMask
                0x00000000010c13a0                vPortValidateInterruptPriority
                0x00000000010c13d4                vApplicationGetIdleTaskMemory
                0x00000000010c1428                vInitialiseTimerForRunTimeStats
                0x00000000010c1440                vApplicationStackOverflowHook
                0x00000000010c1464                vApplicationGetTimerTaskMemory
                0x00000000010c14b8                vConfigureTickInterrupt
                0x00000000010c1540                vClearTickInterrupt
                0x00000000010c1558                vApplicationFPUSafeIRQHandler
                0x00000000010c157c                xPortGetInterruptNestingCount
                0x00000000010c15a0                heap_init
 .text          0x00000000010c15d8      0x8ec ./../../../build/tcc70xx/gcc/tcc70xx-freertos-debug/obj/heap_5.o
                0x00000000010c15d8                pvPortMalloc
                0x00000000010c1830                vPortFree
                0x00000000010c1958                xPortGetFreeHeapSize
                0x00000000010c197c                xPortGetMinimumEverFreeHeapSize
                0x00000000010c1af8                vPortDefineHeapRegions
                0x00000000010c1d70                vPortGetHeapStats
 .text          0x00000000010c1ec4      0xd10 ./../../../build/tcc70xx/gcc/tcc70xx-freertos-debug/obj/FreeRTOS_ARP.o
                0x00000000010c1ec4                eARPProcessPacket
                0x00000000010c210c                vARPRefreshCacheEntry
                0x00000000010c2500                eARPGetCacheEntry
                0x00000000010c2798                vARPAgeCache
                0x00000000010c29d4                vARPSendGratuitous
                0x00000000010c29fc                FreeRTOS_OutputARPRequest
                0x00000000010c2a9c                vARPGenerateRequestPacket
                0x00000000010c2bb0                FreeRTOS_ClearARP
 .text          0x00000000010c2bd4        0x0 ./../../../build/tcc70xx/gcc/tcc70xx-freertos-debug/obj/FreeRTOS_DHCP.o
 .text          0x00000000010c2bd4     0x2084 ./../../../build/tcc70xx/gcc/tcc70xx-freertos-debug/obj/FreeRTOS_DNS.o
                0x00000000010c2c20                FreeRTOS_dnsclear
                0x00000000010c2c44                FreeRTOS_dnslookup
                0x00000000010c2c80                FreeRTOS_gethostbyname
                0x00000000010c34ac                ulDNSHandlePacket
                0x00000000010c3518                ulNBNSHandlePacket
 .text          0x00000000010c4c58     0x2288 ./../../../build/tcc70xx/gcc/tcc70xx-freertos-debug/obj/FreeRTOS_IP.o
                0x00000000010c4e80                xIsCallingFromIPTask
                0x00000000010c51c0                FreeRTOS_NetworkDown
                0x00000000010c5220                FreeRTOS_NetworkDownFromISR
                0x00000000010c5294                FreeRTOS_GetUDPPayloadBuffer
                0x00000000010c5320                pxDuplicateNetworkBufferWithDescriptor
                0x00000000010c53bc                pxPacketBuffer_to_NetworkBuffer
                0x00000000010c5434                pxUDPPayloadBuffer_to_NetworkBuffer
                0x00000000010c54ac                FreeRTOS_ReleaseUDPPayloadBuffer
                0x00000000010c54dc                FreeRTOS_IPInit
                0x00000000010c5838                FreeRTOS_GetAddressConfiguration
                0x00000000010c58e4                FreeRTOS_SetAddressConfiguration
                0x00000000010c5990                xSendEventToIPTask
                0x00000000010c59dc                xSendEventStructToIPTask
                0x00000000010c5adc                eConsiderFrameForProcessing
                0x00000000010c5c48                vIPNetworkUpCalls
                0x00000000010c65d0                usGenerateProtocolChecksum
                0x00000000010c6950                usGenerateChecksum
                0x00000000010c6c7c                vReturnEthernetFrame
                0x00000000010c6d28                FreeRTOS_GetIPAddress
                0x00000000010c6d4c                FreeRTOS_SetIPAddress
                0x00000000010c6d7c                FreeRTOS_GetGatewayAddress
                0x00000000010c6da0                FreeRTOS_GetDNSServerAddress
                0x00000000010c6dc4                FreeRTOS_GetNetmask
                0x00000000010c6de8                FreeRTOS_UpdateMACAddress
                0x00000000010c6e18                FreeRTOS_GetMACAddress
                0x00000000010c6e38                FreeRTOS_SetNetmask
                0x00000000010c6e68                FreeRTOS_SetGatewayAddress
                0x00000000010c6e98                xIPIsNetworkTaskReady
                0x00000000010c6ebc                FreeRTOS_IsNetworkUp
 .text          0x00000000010c6ee0     0x3d30 ./../../../build/tcc70xx/gcc/tcc70xx-freertos-debug/obj/FreeRTOS_Sockets.o
                0x00000000010c7320                vNetworkSocketsInit
                0x00000000010c7474                FreeRTOS_socket
                0x00000000010c7660                FreeRTOS_CreateSocketSet
                0x00000000010c76d4                FreeRTOS_DeleteSocketSet
                0x00000000010c7710                FreeRTOS_FD_SET
                0x00000000010c77b4                FreeRTOS_FD_CLR
                0x00000000010c7854                FreeRTOS_FD_ISSET
                0x00000000010c78d4                FreeRTOS_select
                0x00000000010c7a50                FreeRTOS_recvfrom
                0x00000000010c7ca4                FreeRTOS_sendto
                0x00000000010c7ea8                FreeRTOS_bind
                0x00000000010c7ff8                vSocketBind
                0x00000000010c81b0                FreeRTOS_closesocket
                0x00000000010c8234                vSocketClose
                0x00000000010c8440                FreeRTOS_setsockopt
                0x00000000010c8bbc                pxUDPSocketLookup
                0x00000000010c8c20                FreeRTOS_inet_addr
                0x00000000010c8de4                FreeRTOS_GetLocalAddress
                0x00000000010c8e60                vSocketWakeUpUser
                0x00000000010c911c                FreeRTOS_connect
                0x00000000010c9238                FreeRTOS_accept
                0x00000000010c94fc                FreeRTOS_recv
                0x00000000010c98ec                FreeRTOS_get_tx_head
                0x00000000010c99c0                FreeRTOS_send
                0x00000000010c9c58                FreeRTOS_listen
                0x00000000010c9db8                FreeRTOS_shutdown
                0x00000000010c9e54                xTCPTimerCheck
                0x00000000010c9fe4                pxTCPSocketLookup
                0x00000000010ca0e8                FreeRTOS_get_rx_buf
                0x00000000010ca2b4                lTCPAddRxdata
                0x00000000010ca3f4                FreeRTOS_GetRemoteAddress
                0x00000000010ca4cc                FreeRTOS_maywrite
                0x00000000010ca590                FreeRTOS_tx_space
                0x00000000010ca60c                FreeRTOS_tx_size
                0x00000000010ca684                FreeRTOS_issocketconnected
                0x00000000010ca6fc                FreeRTOS_mss
                0x00000000010ca750                FreeRTOS_connstatus
                0x00000000010ca7a4                FreeRTOS_rx_size
                0x00000000010ca81c                FreeRTOS_netstat
                0x00000000010ca854                vSocketSelect
 .text          0x00000000010cac10      0x5f4 ./../../../build/tcc70xx/gcc/tcc70xx-freertos-debug/obj/FreeRTOS_Stream_Buffer.o
                0x00000000010cae80                uxStreamBufferAdd
                0x00000000010cb054                uxStreamBufferGet
 .text          0x00000000010cb204     0x5054 ./../../../build/tcc70xx/gcc/tcc70xx-freertos-debug/obj/FreeRTOS_TCP_IP.o
                0x00000000010cb710                xTCPSocketCheck
                0x00000000010cd164                vTCPStateChange
                0x00000000010cf458                xProcessReceivedTCPPacket
                0x00000000010d0164                xTCPCheckNewClient
 .text          0x00000000010d0258     0x1bc8 ./../../../build/tcc70xx/gcc/tcc70xx-freertos-debug/obj/FreeRTOS_TCP_WIN.o
                0x00000000010d0454                vListInsertGeneric
                0x00000000010d07c4                xTCPWindowRxEmpty
                0x00000000010d0988                vTCPWindowDestroy
                0x00000000010d0a40                vTCPWindowCreate
                0x00000000010d0afc                vTCPWindowInit
                0x00000000010d0c3c                vTCPSegmentCleanup
                0x00000000010d0da0                lTCPWindowRxCheck
                0x00000000010d1100                lTCPWindowTxAdd
                0x00000000010d1398                xTCPWindowTxDone
                0x00000000010d14e0                xTCPWindowTxHasData
                0x00000000010d1644                ulTCPWindowTxGet
                0x00000000010d1d3c                ulTCPWindowTxAck
                0x00000000010d1da4                ulTCPWindowTxSack
 .text          0x00000000010d1e20      0x6ec ./../../../build/tcc70xx/gcc/tcc70xx-freertos-debug/obj/FreeRTOS_UDP_IP.o
                0x00000000010d1e20                vProcessGeneratedUDPPacket
                0x00000000010d22a8                xProcessReceivedUDPPacket
 .text          0x00000000010d250c      0x1a4 ./../../../build/tcc70xx/gcc/tcc70xx-freertos-debug/obj/FreeRTOS_Port.o
                0x00000000010d250c                uxRand
                0x00000000010d25a8                pcApplicationHostnameHook
                0x00000000010d25c8                xApplicationDNSQueryHook
                0x00000000010d2644                ulApplicationGetNextSequenceNumber
                0x00000000010d2680                xApplicationGetRandomNumber
 .text          0x00000000010d26b0      0x518 ./../../../build/tcc70xx/gcc/tcc70xx-freertos-debug/obj/BufferAllocation_1.o
                0x00000000010d26ec                xNetworkBuffersInitialise
                0x00000000010d2878                pxGetNetworkBufferWithDescriptor
                0x00000000010d29a0                pxNetworkBufferGetFromISR
                0x00000000010d2a40                vNetworkBufferReleaseFromISR
                0x00000000010d2aa8                vReleaseNetworkBufferAndDescriptor
                0x00000000010d2b58                uxGetMinimumFreeNetworkBuffers
                0x00000000010d2b7c                uxGetNumberOfFreeNetworkBuffers
                0x00000000010d2ba0                pxResizeNetworkBufferWithDescriptor
 .text          0x00000000010d2bc8      0x39c ./../../../build/tcc70xx/gcc/tcc70xx-freertos-debug/obj/NetworkInterface.o
                0x00000000010d2c20                xNetworkInterfaceInitialise
                0x00000000010d2d00                xNetworkInterfaceOutput
                0x00000000010d2d54                vNetworkInterfaceAllocateRAMToBuffers
                0x00000000010d2e28                xGetPhyLinkStatus
 .text          0x00000000010d2f64      0x7f4 ./../../../build/tcc70xx/gcc/tcc70xx-freertos-debug/obj/sal_api.o
                0x00000000010d2f64                SAL_RegisterFunction
 .text          0x00000000010d3758     0x274c ./../../../build/tcc70xx/gcc/tcc70xx-freertos-debug/obj/sal_freertos_impl.o
                0x00000000010d5a48                SAL_Init
 .text          0x00000000010d5ea4        0x0 ./../../../build/tcc70xx/gcc/tcc70xx-freertos-debug/obj/vector.o
 .text          0x00000000010d5ea4       0x60 ./../../../build/tcc70xx/gcc/tcc70xx-freertos-debug/obj/vfp_init.o
                0x00000000010d5ea4                vfp_init
 .text          0x00000000010d5f04        0xc ./../../../build/tcc70xx/gcc/tcc70xx-freertos-debug/obj/arm_a.o
                0x00000000010d5f04                ARM_DSB
 .text          0x00000000010d5f10      0x2b8 ./../../../build/tcc70xx/gcc/tcc70xx-freertos-debug/obj/portASM.o
                0x00000000010d5f10                FreeRTOS_SWI_Handler
                0x00000000010d5fb0                vPortRestoreTaskContext
                0x00000000010d6010                FreeRTOS_IRQ_Handler
                0x00000000010d6170                vApplicationIRQHandler
 .text          0x00000000010d61c8       0xb8 ./../../../build/tcc70xx/gcc/tcc70xx-freertos-debug/obj/freertos.o
                0x00000000010d61c8                FreeRTOS_ARM_ExceptUndefInstrHndlr
                0x00000000010d61dc                FreeRTOS_ARM_ExceptSwiHndlr
                0x00000000010d61e0                FreeRTOS_ARM_ExceptPrefetchAbortHndlr
                0x00000000010d61f8                FreeRTOS_ARM_ExceptDataAbortHndlr
                0x00000000010d6228                FreeRTOS_ARM_ExceptIrqHndlr
                0x00000000010d622c                FreeRTOS_ARM_ExceptFiqHndlr
                0x00000000010d6244                FreeRTOS_ARM_DRegCntGet
                0x00000000010d624c                CPU_WaitForEvent
                0x00000000010d6258                CPU_DSB
                0x00000000010d6264                CPU_SR_Save
                0x00000000010d6274                CPU_SR_Restore
 .text          0x00000000010d6280       0x18 ./../../../build/tcc70xx/gcc/tcc70xx-freertos-debug/obj/sal.o
                0x00000000010d6280                ARM_ExceptUndefInstrHndlr
                0x00000000010d6284                ARM_ExceptSwiHndlr
                0x00000000010d6288                ARM_ExceptPrefetchAbortHndlr
                0x00000000010d628c                ARM_ExceptDataAbortHndlr
                0x00000000010d6290                ARM_ExceptIrqHndlr
                0x00000000010d6294                ARM_ExceptFiqHndlr
 .text          0x00000000010d6298       0x30 /opt/gcc-linaro-7.2.1-2017.11-x86_64_arm-eabi/arm-eabi/libc/usr/lib/libc.a(lib_a-atoi.o)
                0x00000000010d6298                atoi
                0x00000000010d62b0                _atoi_r
 .text          0x00000000010d62c8      0x104 /opt/gcc-linaro-7.2.1-2017.11-x86_64_arm-eabi/arm-eabi/libc/usr/lib/libc.a(lib_a-memcmp.o)
                0x00000000010d62c8                memcmp
 .text          0x00000000010d63cc      0x110 /opt/gcc-linaro-7.2.1-2017.11-x86_64_arm-eabi/arm-eabi/libc/usr/lib/libc.a(lib_a-memcpy-stub.o)
                0x00000000010d63cc                memcpy
 .text          0x00000000010d64dc      0x140 /opt/gcc-linaro-7.2.1-2017.11-x86_64_arm-eabi/arm-eabi/libc/usr/lib/libc.a(lib_a-memmove.o)
                0x00000000010d64dc                memmove
 .text          0x00000000010d661c      0x114 /opt/gcc-linaro-7.2.1-2017.11-x86_64_arm-eabi/arm-eabi/libc/usr/lib/libc.a(lib_a-memset.o)
                0x00000000010d661c                memset
 .text          0x00000000010d6730      0x188 /opt/gcc-linaro-7.2.1-2017.11-x86_64_arm-eabi/arm-eabi/libc/usr/lib/libc.a(lib_a-snprintf.o)
                0x00000000010d6730                _snprintf_r
                0x00000000010d67ec                snprintf
 .text          0x00000000010d68b8       0xd0 /opt/gcc-linaro-7.2.1-2017.11-x86_64_arm-eabi/arm-eabi/libc/usr/lib/libc.a(lib_a-sprintf.o)
                0x00000000010d68b8                _sprintf_r
                0x00000000010d6918                sprintf
 .text          0x00000000010d6988      0x100 /opt/gcc-linaro-7.2.1-2017.11-x86_64_arm-eabi/arm-eabi/libc/usr/lib/libc.a(lib_a-sscanf.o)
                0x00000000010d6988                sscanf
                0x00000000010d6a08                _sscanf_r
 .text          0x00000000010d6a88       0xd8 /opt/gcc-linaro-7.2.1-2017.11-x86_64_arm-eabi/arm-eabi/libc/usr/lib/libc.a(lib_a-stdio.o)
                0x00000000010d6a88                __sread
                0x00000000010d6abc                __seofread
                0x00000000010d6ac4                __swrite
                0x00000000010d6b1c                __sseek
                0x00000000010d6b4c                __sclose
 .text          0x00000000010d6b60      0x224 /opt/gcc-linaro-7.2.1-2017.11-x86_64_arm-eabi/arm-eabi/libc/usr/lib/libc.a(lib_a-strcmp.o)
                0x00000000010d6b60                strcmp
 .text          0x00000000010d6d84       0xf0 /opt/gcc-linaro-7.2.1-2017.11-x86_64_arm-eabi/arm-eabi/libc/usr/lib/libc.a(lib_a-strcpy.o)
                0x00000000010d6d84                strcpy
 .text          0x00000000010d6e74       0x60 /opt/gcc-linaro-7.2.1-2017.11-x86_64_arm-eabi/arm-eabi/libc/usr/lib/libc.a(lib_a-strlen-stub.o)
                0x00000000010d6e74                strlen
 .text          0x00000000010d6ed4      0x100 /opt/gcc-linaro-7.2.1-2017.11-x86_64_arm-eabi/arm-eabi/libc/usr/lib/libc.a(lib_a-strncmp.o)
                0x00000000010d6ed4                strncmp
 .text          0x00000000010d6fd4       0xe0 /opt/gcc-linaro-7.2.1-2017.11-x86_64_arm-eabi/arm-eabi/libc/usr/lib/libc.a(lib_a-strncpy.o)
                0x00000000010d6fd4                strncpy
 .text          0x00000000010d70b4       0x5c /opt/gcc-linaro-7.2.1-2017.11-x86_64_arm-eabi/arm-eabi/libc/usr/lib/libc.a(lib_a-strnlen.o)
                0x00000000010d70b4                strnlen
 .text          0x00000000010d7110      0x27c /opt/gcc-linaro-7.2.1-2017.11-x86_64_arm-eabi/arm-eabi/libc/usr/lib/libc.a(lib_a-strtol.o)
                0x00000000010d72cc                _strtol_r
                0x00000000010d7308                strtol_l
                0x00000000010d7340                strtol
 .text          0x00000000010d738c      0x28c /opt/gcc-linaro-7.2.1-2017.11-x86_64_arm-eabi/arm-eabi/libc/usr/lib/libc.a(lib_a-strtoul.o)
                0x00000000010d7558                _strtoul_r
                0x00000000010d7594                strtoul_l
                0x00000000010d75cc                strtoul
 .text          0x00000000010d7618     0xb4c8 /opt/gcc-linaro-7.2.1-2017.11-x86_64_arm-eabi/arm-eabi/libc/usr/lib/libc.a(lib_a-svfprintf.o)
                0x00000000010de91c                _svfprintf_r
 .text          0x00000000010e2ae0     0x2818 /opt/gcc-linaro-7.2.1-2017.11-x86_64_arm-eabi/arm-eabi/libc/usr/lib/libc.a(lib_a-svfscanf.o)
                0x00000000010e2ae0                __ssvfscanf_r
 .text          0x00000000010e52f8      0x134 /opt/gcc-linaro-7.2.1-2017.11-x86_64_arm-eabi/arm-eabi/libc/usr/lib/libc.a(lib_a-wcrtomb.o)
                0x00000000010e52f8                _wcrtomb_r
                0x00000000010e5390                wcrtomb
 .text          0x00000000010e542c       0x5c /opt/gcc-linaro-7.2.1-2017.11-x86_64_arm-eabi/arm-eabi/libc/usr/lib/libc.a(lib_a-wcsrtombs.o)
                0x00000000010e542c                _wcsrtombs_r
                0x00000000010e5450                wcsrtombs
 .text          0x00000000010e5488       0x48 /opt/gcc-linaro-7.2.1-2017.11-x86_64_arm-eabi/arm-eabi/libc/usr/lib/libc.a(lib_a-writer.o)
                0x00000000010e5488                _write_r
 .text          0x00000000010e54d0       0x3c /opt/gcc-linaro-7.2.1-2017.11-x86_64_arm-eabi/arm-eabi/libc/usr/lib/libc.a(lib_a-closer.o)
                0x00000000010e54d0                _close_r
 *fill*         0x00000000010e550c        0x4 
 .text          0x00000000010e5510     0x17dc /opt/gcc-linaro-7.2.1-2017.11-x86_64_arm-eabi/arm-eabi/libc/usr/lib/libc.a(lib_a-dtoa.o)
                0x00000000010e56f8                _dtoa_r
 .text          0x00000000010e6cec      0x3dc /opt/gcc-linaro-7.2.1-2017.11-x86_64_arm-eabi/arm-eabi/libc/usr/lib/libc.a(lib_a-freer.o)
                0x00000000010e6cec                _malloc_trim_r
                0x00000000010e6dec                _free_r
 .text          0x00000000010e70c8        0x0 /opt/gcc-linaro-7.2.1-2017.11-x86_64_arm-eabi/arm-eabi/libc/usr/lib/libc.a(lib_a-impure.o)
 .text          0x00000000010e70c8       0x78 /opt/gcc-linaro-7.2.1-2017.11-x86_64_arm-eabi/arm-eabi/libc/usr/lib/libc.a(lib_a-iswspace.o)
                0x00000000010e70c8                iswspace
 .text          0x00000000010e7140      0x2c8 /opt/gcc-linaro-7.2.1-2017.11-x86_64_arm-eabi/arm-eabi/libc/usr/lib/libc.a(lib_a-jp2uc.o)
                0x00000000010e7334                _jp2uc
 .text          0x00000000010e7408      0xd0c /opt/gcc-linaro-7.2.1-2017.11-x86_64_arm-eabi/arm-eabi/libc/usr/lib/libc.a(lib_a-locale.o)
                0x00000000010e749c                __loadlocale
                0x00000000010e7cd4                __get_locale_env
                0x00000000010e7d68                _setlocale_r
                0x00000000010e80a4                __locale_mb_cur_max
                0x00000000010e80cc                __locale_ctype_ptr_l
                0x00000000010e80d4                __locale_ctype_ptr
                0x00000000010e80fc                setlocale
 .text          0x00000000010e8114       0x58 /opt/gcc-linaro-7.2.1-2017.11-x86_64_arm-eabi/arm-eabi/libc/usr/lib/libc.a(lib_a-localeconv.o)
                0x00000000010e8114                __localeconv_l
                0x00000000010e811c                _localeconv_r
                0x00000000010e8144                localeconv
 .text          0x00000000010e816c       0x48 /opt/gcc-linaro-7.2.1-2017.11-x86_64_arm-eabi/arm-eabi/libc/usr/lib/libc.a(lib_a-lseekr.o)
                0x00000000010e816c                _lseek_r
 .text          0x00000000010e81b4      0x760 /opt/gcc-linaro-7.2.1-2017.11-x86_64_arm-eabi/arm-eabi/libc/usr/lib/libc.a(lib_a-mallocr.o)
                0x00000000010e81b4                _malloc_r
 .text          0x00000000010e8914      0x14c /opt/gcc-linaro-7.2.1-2017.11-x86_64_arm-eabi/arm-eabi/libc/usr/lib/libc.a(lib_a-mbrtowc.o)
                0x00000000010e8914                _mbrtowc_r
                0x00000000010e89bc                mbrtowc
 .text          0x00000000010e8a60      0x744 /opt/gcc-linaro-7.2.1-2017.11-x86_64_arm-eabi/arm-eabi/libc/usr/lib/libc.a(lib_a-mbtowc_r.o)
                0x00000000010e8a60                _mbtowc_r
                0x00000000010e8a94                __ascii_mbtowc
                0x00000000010e8ad8                __utf8_mbtowc
                0x00000000010e8de0                __sjis_mbtowc
                0x00000000010e8eb4                __eucjp_mbtowc
                0x00000000010e8fec                __jis_mbtowc
 .text          0x00000000010e91a4      0x110 /opt/gcc-linaro-7.2.1-2017.11-x86_64_arm-eabi/arm-eabi/libc/usr/lib/libc.a(lib_a-memchr-stub.o)
                0x00000000010e91a4                memchr
 .text          0x00000000010e92b4        0x8 /opt/gcc-linaro-7.2.1-2017.11-x86_64_arm-eabi/arm-eabi/libc/usr/lib/libc.a(lib_a-mlock.o)
                0x00000000010e92b4                __malloc_lock
                0x00000000010e92b8                __malloc_unlock
 .text          0x00000000010e92bc      0xdb8 /opt/gcc-linaro-7.2.1-2017.11-x86_64_arm-eabi/arm-eabi/libc/usr/lib/libc.a(lib_a-mprec.o)
                0x00000000010e92bc                _Balloc
                0x00000000010e9348                _Bfree
                0x00000000010e9364                __multadd
                0x00000000010e9440                __s2b
                0x00000000010e9524                __hi0bits
                0x00000000010e957c                __lo0bits
                0x00000000010e961c                __i2b
                0x00000000010e9640                __multiply
                0x00000000010e9840                __pow5mult
                0x00000000010e9944                __lshift
                0x00000000010e9a38                __mcmp
                0x00000000010e9a98                __mdiff
                0x00000000010e9c20                __ulp
                0x00000000010e9c88                __b2d
                0x00000000010e9d68                __d2b
                0x00000000010e9e80                __ratio
                0x00000000010e9f10                _mprec_log10
                0x00000000010e9f70                __copybits
                0x00000000010e9ffc                __any_on
 .text          0x00000000010ea074       0x48 /opt/gcc-linaro-7.2.1-2017.11-x86_64_arm-eabi/arm-eabi/libc/usr/lib/libc.a(lib_a-readr.o)
                0x00000000010ea074                _read_r
 .text          0x00000000010ea0bc      0x124 /opt/gcc-linaro-7.2.1-2017.11-x86_64_arm-eabi/arm-eabi/libc/usr/lib/libc.a(lib_a-reent.o)
                0x00000000010ea0bc                cleanup_glue
                0x00000000010ea0f0                _reclaim_reent
 .text          0x00000000010ea1e0       0x98 /opt/gcc-linaro-7.2.1-2017.11-x86_64_arm-eabi/arm-eabi/libc/usr/lib/libc.a(lib_a-s_frexp.o)
                0x00000000010ea1e0                frexp
 .text          0x00000000010ea278       0x3c /opt/gcc-linaro-7.2.1-2017.11-x86_64_arm-eabi/arm-eabi/libc/usr/lib/libc.a(lib_a-sbrkr.o)
                0x00000000010ea278                _sbrk_r
 .text          0x00000000010ea2b4       0xcc /opt/gcc-linaro-7.2.1-2017.11-x86_64_arm-eabi/arm-eabi/libc/usr/lib/libc.a(lib_a-sccl.o)
                0x00000000010ea2b4                __sccl
 .text          0x00000000010ea380        0xc /opt/gcc-linaro-7.2.1-2017.11-x86_64_arm-eabi/arm-eabi/libc/usr/lib/libc.a(lib_a-sf_nan.o)
                0x00000000010ea380                nanf
 .text          0x00000000010ea38c      0x104 /opt/gcc-linaro-7.2.1-2017.11-x86_64_arm-eabi/arm-eabi/libc/usr/lib/libc.a(lib_a-stpncpy.o)
                0x00000000010ea38c                stpncpy
 .text          0x00000000010ea490       0x70 /opt/gcc-linaro-7.2.1-2017.11-x86_64_arm-eabi/arm-eabi/libc/usr/lib/libc.a(lib_a-strcasecmp.o)
                0x00000000010ea490                strcasecmp
 .text          0x00000000010ea500       0x74 /opt/gcc-linaro-7.2.1-2017.11-x86_64_arm-eabi/arm-eabi/libc/usr/lib/libc.a(lib_a-strcat.o)
                0x00000000010ea500                strcat
 .text          0x00000000010ea574      0x184 /opt/gcc-linaro-7.2.1-2017.11-x86_64_arm-eabi/arm-eabi/libc/usr/lib/libc.a(lib_a-strchr.o)
                0x00000000010ea574                strchr
 .text          0x00000000010ea6f8       0x54 /opt/gcc-linaro-7.2.1-2017.11-x86_64_arm-eabi/arm-eabi/libc/usr/lib/libc.a(lib_a-strlcpy.o)
                0x00000000010ea6f8                strlcpy
 .text          0x00000000010ea74c       0x94 /opt/gcc-linaro-7.2.1-2017.11-x86_64_arm-eabi/arm-eabi/libc/usr/lib/libc.a(lib_a-strncasecmp.o)
                0x00000000010ea74c                strncasecmp
 .text          0x00000000010ea7e0     0x18a4 /opt/gcc-linaro-7.2.1-2017.11-x86_64_arm-eabi/arm-eabi/libc/usr/lib/libc.a(lib_a-strtod.o)
                0x00000000010ea7e0                _strtod_l
                0x00000000010ebe20                _strtod_r
                0x00000000010ebe44                strtod_l
                0x00000000010ebe60                strtod
                0x00000000010ebe98                strtof_l
                0x00000000010ebf84                strtof
 .text          0x00000000010ec084      0x354 /opt/gcc-linaro-7.2.1-2017.11-x86_64_arm-eabi/arm-eabi/libc/usr/lib/libc.a(lib_a-strtoll.o)
                0x00000000010ec318                _strtoll_r
                0x00000000010ec354                strtoll_l
                0x00000000010ec38c                strtoll
 .text          0x00000000010ec3d8      0x338 /opt/gcc-linaro-7.2.1-2017.11-x86_64_arm-eabi/arm-eabi/libc/usr/lib/libc.a(lib_a-strtoull.o)
                0x00000000010ec650                _strtoull_r
                0x00000000010ec68c                strtoull_l
                0x00000000010ec6c4                strtoull
 .text          0x00000000010ec710     0x9c7c /opt/gcc-linaro-7.2.1-2017.11-x86_64_arm-eabi/arm-eabi/libc/usr/lib/libc.a(lib_a-svfiprintf.o)
                0x00000000010f37e4                __ssprint_r
                0x00000000010f3974                _svfiprintf_r
 .text          0x00000000010f638c     0x20e8 /opt/gcc-linaro-7.2.1-2017.11-x86_64_arm-eabi/arm-eabi/libc/usr/lib/libc.a(lib_a-svfiscanf.o)
                0x00000000010f638c                _sungetc_r
                0x00000000010f6470                __ssrefill_r
                0x00000000010f64dc                _sfread_r
                0x00000000010f65ac                __ssvfiscanf_r
 .text          0x00000000010f8474      0xa0c /opt/gcc-linaro-7.2.1-2017.11-x86_64_arm-eabi/arm-eabi/libc/usr/lib/libc.a(lib_a-syscalls.o)
                0x00000000010f852c                initialise_monitor_handles
                0x00000000010f85dc                _swiread
                0x00000000010f8620                _read
                0x00000000010f86e8                _swilseek
                0x00000000010f87e4                _lseek
                0x00000000010f8804                _swiwrite
                0x00000000010f8848                _write
                0x00000000010f8914                _swiopen
                0x00000000010f8a18                _open
                0x00000000010f8a4c                _swiclose
                0x00000000010f8ac0                _close
                0x00000000010f8ae0                _kill
                0x00000000010f8b18                _exit
                0x00000000010f8b40                _getpid
                0x00000000010f8b48                _sbrk
                0x00000000010f8ba8                _fstat
                0x00000000010f8bdc                _stat
                0x00000000010f8c48                _link
                0x00000000010f8c50                _unlink
                0x00000000010f8ca8                _raise
                0x00000000010f8cac                _gettimeofday
                0x00000000010f8cf4                _times
                0x00000000010f8d30                _isatty
                0x00000000010f8d80                _system
                0x00000000010f8e14                _rename
 .text          0x00000000010f8e80      0x23c /opt/gcc-linaro-7.2.1-2017.11-x86_64_arm-eabi/arm-eabi/libc/usr/lib/libc.a(lib_a-ungetc.o)
                0x00000000010f8e80                __submore
                0x00000000010f8f30                _ungetc_r
                0x00000000010f90a4                ungetc
 .text          0x00000000010f90bc      0x21c /opt/gcc-linaro-7.2.1-2017.11-x86_64_arm-eabi/arm-eabi/libc/usr/lib/libc.a(lib_a-wcsnrtombs.o)
                0x00000000010f90bc                _wcsnrtombs_l
                0x00000000010f9238                _wcsnrtombs_r
                0x00000000010f9280                wcsnrtombs
 .text          0x00000000010f92d8      0x35c /opt/gcc-linaro-7.2.1-2017.11-x86_64_arm-eabi/arm-eabi/libc/usr/lib/libc.a(lib_a-wctomb_r.o)
                0x00000000010f92d8                _wctomb_r
                0x00000000010f930c                __ascii_wctomb
                0x00000000010f9334                __utf8_wctomb
                0x00000000010f9420                __sjis_wctomb
                0x00000000010f94a8                __eucjp_wctomb
                0x00000000010f9558                __jis_wctomb
 .text          0x00000000010f9634       0x98 /opt/gcc-linaro-7.2.1-2017.11-x86_64_arm-eabi/arm-eabi/libc/usr/lib/libc.a(lib_a-callocr.o)
                0x00000000010f9634                _calloc_r
 .text          0x00000000010f96cc       0x10 /opt/gcc-linaro-7.2.1-2017.11-x86_64_arm-eabi/arm-eabi/libc/usr/lib/libc.a(lib_a-ctype_.o)
                0x00000000010f96cc                __set_ctype
 .text          0x00000000010f96dc       0x10 /opt/gcc-linaro-7.2.1-2017.11-x86_64_arm-eabi/arm-eabi/libc/usr/lib/libc.a(lib_a-errno.o)
                0x00000000010f96dc                __errno
 .text          0x00000000010f96ec      0x2dc /opt/gcc-linaro-7.2.1-2017.11-x86_64_arm-eabi/arm-eabi/libc/usr/lib/libc.a(lib_a-fflush.o)
                0x00000000010f96ec                __sflush_r
                0x00000000010f9934                _fflush_r
                0x00000000010f9990                fflush
 .text          0x00000000010f99c8      0x340 /opt/gcc-linaro-7.2.1-2017.11-x86_64_arm-eabi/arm-eabi/libc/usr/lib/libc.a(lib_a-findfp.o)
                0x00000000010f99d0                _cleanup_r
                0x00000000010f9b38                __sfmoreglue
                0x00000000010f9b88                __sfp
                0x00000000010f9c7c                _cleanup
                0x00000000010f9ca0                __sinit
                0x00000000010f9cb0                __sfp_lock_acquire
                0x00000000010f9cb4                __sfp_lock_release
                0x00000000010f9cb8                __sinit_lock_acquire
                0x00000000010f9cbc                __sinit_lock_release
                0x00000000010f9cc0                __fp_lock_all
                0x00000000010f9ce4                __fp_unlock_all
 .text          0x00000000010f9d08       0xf8 /opt/gcc-linaro-7.2.1-2017.11-x86_64_arm-eabi/arm-eabi/libc/usr/lib/libc.a(lib_a-fwalk.o)
                0x00000000010f9d08                _fwalk
                0x00000000010f9d80                _fwalk_reent
 .text          0x00000000010f9e00      0x90c /opt/gcc-linaro-7.2.1-2017.11-x86_64_arm-eabi/arm-eabi/libc/usr/lib/libc.a(lib_a-gdtoa-gethex.o)
                0x00000000010f9f0c                __gethex
 .text          0x00000000010fa70c      0x2c8 /opt/gcc-linaro-7.2.1-2017.11-x86_64_arm-eabi/arm-eabi/libc/usr/lib/libc.a(lib_a-gdtoa-hexnan.o)
                0x00000000010fa70c                __match
                0x00000000010fa774                __hexnan
 .text          0x00000000010fa9d4       0xec /opt/gcc-linaro-7.2.1-2017.11-x86_64_arm-eabi/arm-eabi/libc/usr/lib/libc.a(lib_a-getenv_r.o)
                0x00000000010fa9d4                _findenv_r
                0x00000000010faaa4                _getenv_r
 .text          0x00000000010faac0      0x4dc /opt/gcc-linaro-7.2.1-2017.11-x86_64_arm-eabi/arm-eabi/libc/usr/lib/libc.a(lib_a-reallocr.o)
                0x00000000010faac0                _realloc_r
 .text          0x00000000010faf9c        0x0 /opt/gcc-linaro-7.2.1-2017.11-x86_64_arm-eabi/arm-eabi/libc/usr/lib/libc.a(lib_a-environ.o)
 .text          0x00000000010faf9c        0x8 /opt/gcc-linaro-7.2.1-2017.11-x86_64_arm-eabi/arm-eabi/libc/usr/lib/libc.a(lib_a-envlock.o)
                0x00000000010faf9c                __env_lock
                0x00000000010fafa0                __env_unlock
 .text          0x00000000010fafa4      0x114 /opt/gcc-linaro-7.2.1-2017.11-x86_64_arm-eabi/arm-eabi/libc/usr/lib/libc.a(lib_a-fclose.o)
                0x00000000010fafa4                _fclose_r
                0x00000000010fb0a4                fclose
 .text          0x00000000010fb0b8        0x8 /opt/gcc-linaro-7.2.1-2017.11-x86_64_arm-eabi/arm-eabi/libc/usr/lib/libm.a(lib_a-sf_fabs.o)
                0x00000000010fb0b8                fabsf
 .text          0x00000000010fb0c0      0x114 /opt/gcc-linaro-7.2.1-2017.11-x86_64_arm-eabi/arm-eabi/libc/usr/lib/libgcc.a(_udivsi3.o)
                0x00000000010fb0c0                __udivsi3
                0x00000000010fb0c0                __aeabi_uidiv
                0x00000000010fb1b4                __aeabi_uidivmod
 .text          0x00000000010fb1d4        0x4 /opt/gcc-linaro-7.2.1-2017.11-x86_64_arm-eabi/arm-eabi/libc/usr/lib/libgcc.a(_dvmd_tls.o)
                0x00000000010fb1d4                __aeabi_ldiv0
                0x00000000010fb1d4                __aeabi_idiv0
 .text          0x00000000010fb1d8      0x424 /opt/gcc-linaro-7.2.1-2017.11-x86_64_arm-eabi/arm-eabi/libc/usr/lib/libgcc.a(_arm_addsubdf3.o)
                0x00000000010fb1d8                __aeabi_drsub
                0x00000000010fb1e0                __aeabi_dsub
                0x00000000010fb1e0                __subdf3
                0x00000000010fb1e4                __adddf3
                0x00000000010fb1e4                __aeabi_dadd
                0x00000000010fb4f4                __aeabi_ui2d
                0x00000000010fb4f4                __floatunsidf
                0x00000000010fb518                __floatsidf
                0x00000000010fb518                __aeabi_i2d
                0x00000000010fb540                __extendsfdf2
                0x00000000010fb540                __aeabi_f2d
                0x00000000010fb588                __aeabi_ul2d
                0x00000000010fb588                __floatundidf
                0x00000000010fb59c                __floatdidf
                0x00000000010fb59c                __aeabi_l2d
 .text          0x00000000010fb5fc      0x49c /opt/gcc-linaro-7.2.1-2017.11-x86_64_arm-eabi/arm-eabi/libc/usr/lib/libgcc.a(_arm_muldivdf3.o)
                0x00000000010fb5fc                __aeabi_dmul
                0x00000000010fb5fc                __muldf3
                0x00000000010fb88c                __aeabi_ddiv
                0x00000000010fb88c                __divdf3
 .text          0x00000000010fba98      0x144 /opt/gcc-linaro-7.2.1-2017.11-x86_64_arm-eabi/arm-eabi/libc/usr/lib/libgcc.a(_arm_cmpdf2.o)
                0x00000000010fba98                __gtdf2
                0x00000000010fba98                __gedf2
                0x00000000010fbaa0                __ltdf2
                0x00000000010fbaa0                __ledf2
                0x00000000010fbaa8                __cmpdf2
                0x00000000010fbaa8                __eqdf2
                0x00000000010fbaa8                __nedf2
                0x00000000010fbb30                __aeabi_cdrcmple
                0x00000000010fbb4c                __aeabi_cdcmple
                0x00000000010fbb4c                __aeabi_cdcmpeq
                0x00000000010fbb64                __aeabi_dcmpeq
                0x00000000010fbb7c                __aeabi_dcmplt
                0x00000000010fbb94                __aeabi_dcmple
                0x00000000010fbbac                __aeabi_dcmpge
                0x00000000010fbbc4                __aeabi_dcmpgt
 .text          0x00000000010fbbdc       0x38 /opt/gcc-linaro-7.2.1-2017.11-x86_64_arm-eabi/arm-eabi/libc/usr/lib/libgcc.a(_arm_unorddf2.o)
                0x00000000010fbbdc                __aeabi_dcmpun
                0x00000000010fbbdc                __unorddf2
 .text          0x00000000010fbc14       0x5c /opt/gcc-linaro-7.2.1-2017.11-x86_64_arm-eabi/arm-eabi/libc/usr/lib/libgcc.a(_arm_fixdfsi.o)
                0x00000000010fbc14                __fixdfsi
                0x00000000010fbc14                __aeabi_d2iz
 .text          0x00000000010fbc70       0x54 /opt/gcc-linaro-7.2.1-2017.11-x86_64_arm-eabi/arm-eabi/libc/usr/lib/libgcc.a(_arm_fixunsdfsi.o)
                0x00000000010fbc70                __fixunsdfsi
                0x00000000010fbc70                __aeabi_d2uiz
 .text          0x00000000010fbcc4       0xa0 /opt/gcc-linaro-7.2.1-2017.11-x86_64_arm-eabi/arm-eabi/libc/usr/lib/libgcc.a(_arm_truncdfsf2.o)
                0x00000000010fbcc4                __aeabi_d2f
                0x00000000010fbcc4                __truncdfsf2
 .text          0x00000000010fbd64      0x114 /opt/gcc-linaro-7.2.1-2017.11-x86_64_arm-eabi/arm-eabi/libc/usr/lib/libgcc.a(_arm_cmpsf2.o)
                0x00000000010fbd64                __gtsf2
                0x00000000010fbd64                __gesf2
                0x00000000010fbd6c                __lesf2
                0x00000000010fbd6c                __ltsf2
                0x00000000010fbd74                __nesf2
                0x00000000010fbd74                __eqsf2
                0x00000000010fbd74                __cmpsf2
                0x00000000010fbdd8                __aeabi_cfrcmple
                0x00000000010fbde8                __aeabi_cfcmple
                0x00000000010fbde8                __aeabi_cfcmpeq
                0x00000000010fbe00                __aeabi_fcmpeq
                0x00000000010fbe18                __aeabi_fcmplt
                0x00000000010fbe30                __aeabi_fcmple
                0x00000000010fbe48                __aeabi_fcmpge
                0x00000000010fbe60                __aeabi_fcmpgt
 .text          0x00000000010fbe78       0x38 /opt/gcc-linaro-7.2.1-2017.11-x86_64_arm-eabi/arm-eabi/libc/usr/lib/libgcc.a(_arm_unordsf2.o)
                0x00000000010fbe78                __aeabi_fcmpun
                0x00000000010fbe78                __unordsf2
 .text          0x00000000010fbeb0       0x3c /opt/gcc-linaro-7.2.1-2017.11-x86_64_arm-eabi/arm-eabi/libc/usr/lib/libgcc.a(_aeabi_uldivmod.o)