compile: ../../../sources/app.sample/app.base/main.c
compile: ../../../sources/app.sample/app.can.demo/can_demo.c
compile: ../../../sources/app.sample/app.can.demo/can_demo.c
compile: ../../../sources/app.sample/app.can.demo/can_vcp_ctrl.c
compile: ../../../sources/app.sample/app.console/console.c
compile: ../../../sources/app.sample/app.fw.update/fwupdate.c
compile: ../../../sources/app.sample/app.idle/idle.c
compile: ../../../sources/app.sample/app.iperf/iperf_task_v3_0d.c
compile: ../../../sources/app.sample/app.spi.led/spi_led.c
compile: ../../../sources/app.sample/test.app.audio/audio_test.c
compile: ../../../sources/app.sample/test.app.audio/audio_chip_veri.c
compile: ../../../sources/app.sample/test.app.audio/wm8904.c
compile: ../../../sources/app.sample/test.app.cpu/cpu_test.c
compile: ../../../sources/app.sample/test.app.dse/dse_test.c
compile: ../../../sources/app.sample/test.app.eflash/eflash_test.c
compile: ../../../sources/app.sample/test.app.fmu/fmu_test.c
compile: ../../../sources/app.sample/test.app.gdma/gdma_test.c
compile: ../../../sources/app.sample/test.app.gdma/gdma_ip_test.c
compile: ../../../sources/app.sample/test.app.gic/gic_test.c
compile: ../../../sources/app.sample/test.app.gpio/gpio_test.c
compile: ../../../sources/app.sample/test.app.gpsb/gpsb_test.c
compile: ../../../sources/app.sample/test.app.hsm/hsm_test.c
compile: ../../../sources/app.sample/test.app.i2c/i2c_test.c
compile: ../../../sources/app.sample/test.app.ictc/ictc_test.c
compile: ../../../sources/app.sample/test.app.lin/lin_test.c
compile: ../../../sources/app.sample/test.app.pdm/pdm_test.c
compile: ../../../sources/app.sample/test.app.pmu/pmu_test.c
compile: ../../../sources/app.sample/test.app.rtc/rtc_test.c
compile: ../../../sources/app.sample/test.app.sfmc/sfmc_test.c
compile: ../../../sources/app.sample/test.app.socket/echo_test.c
compile: ../../../sources/app.sample/test.app.timer/timer_test.c
compile: ../../../sources/app.sample/test.app.uart/uart_test.c
compile: ../../../sources/app.sample/test.app.wdt/wdt_test.c
compile: ../../../sources/app.sample/test.app.writelock/writelock_test.c
compile: ../../../sources/app.sample/test.app.eth/eth_test.c
compile: ../../../sources/app.sample/test.app.spu/spu_test.c
compile: ../../../sources/app.sample/app.expwr.demo/power_app.c
compile: ../../../sources/app.sample/app.expwr.demo/power_com.c
compile: ../../../sources/app.sample/app.spi.eccp/spi_eccp.c
compile: ../../../sources/app.drivers/hsm/tcc70xx/hsm_manager.c
compile: ../../../sources/app.drivers/lin/lin.c
compile: ../../../sources/app.drivers/swl/tcc70xx/swl.c
compile: ../../../sources/dev.drivers/adc/tcc70xx/adc.c
compile: ../../../sources/dev.drivers/can/can.c
compile: ../../../sources/dev.drivers/can/can_drv.c
compile: ../../../sources/dev.drivers/can/can_msg.c
compile: ../../../sources/dev.drivers/can/can_par.c
compile: ../../../sources/dev.drivers/can/tcc70xx/can_porting.c
compile: ../../../sources/dev.drivers/clock/tcc70xx/clock_dev.c
compile: ../../../sources/dev.drivers/common/debug.c
compile: ../../../sources/dev.drivers/common/tcc70xx/bsp.c
compile: ../../../sources/dev.drivers/dse/tcc70xx/dse.c
compile: ../../../sources/dev.drivers/eflash/tcc70xx/eflash.c
compile: ../../../sources/dev.drivers/eth/eth.c
compile: ../../../sources/dev.drivers/eth/eth_mii.c
compile: ../../../sources/dev.drivers/fmu/tcc70xx/fmu.c
compile: ../../../sources/dev.drivers/gdma/tcc70xx/gdma.c
compile: ../../../sources/dev.drivers/gic/tcc70xx/gic.c
compile: ../../../sources/dev.drivers/gpio/tcc70xx/gpio.c
compile: ../../../sources/dev.drivers/gpsb/gpsb.c
compile: ../../../sources/dev.drivers/gpsb/tcc70xx/gpsb_reg.c
compile: ../../../sources/dev.drivers/i2c/i2c.c
compile: ../../../sources/dev.drivers/i2c/tcc70xx/i2c_reg.c
compile: ../../../sources/dev.drivers/i2s/i2s.c
compile: ../../../sources/dev.drivers/ictc/ictc.c
compile: ../../../sources/dev.drivers/mailbox/mbox.c
compile: ../../../sources/dev.drivers/midf/tcc70xx/midf.c
compile: ../../../sources/dev.drivers/mpu/tcc70xx/mpu.c
compile: ../../../sources/dev.drivers/preload/tcc70xx/preload.c
compile: ../../../sources/dev.drivers/pdm/pdm.c
compile: ../../../sources/dev.drivers/pmio/tcc70xx/pmio_dev.c
compile: ../../../sources/dev.drivers/pmio/tcc70xx/pmio_dev_extn_pw_ctl.c
compile: ../../../sources/dev.drivers/pmu/tcc70xx/pmu.c
compile: ../../../sources/dev.drivers/rtc/tcc70xx/rtc_dev.c
compile: ../../../sources/dev.drivers/sfmc/tcc70xx/snor_mio.c
compile: ../../../sources/dev.drivers/spu/spu.c
compile: ../../../sources/dev.drivers/ssm/tcc70xx/ssm.c
compile: ../../../sources/dev.drivers/timer/timer.c
compile: ../../../sources/dev.drivers/uart/tcc70xx/uart.c
compile: ../../../sources/dev.drivers/watchdog/wdt.c
compile: ../../../sources/dev.drivers/watchdog/wdt_pmu.c
compile: ../../../sources/os/freertos/FreeRTOS-Kernel/tasks.c
compile: ../../../sources/os/freertos/FreeRTOS-Kernel/list.c
compile: ../../../sources/os/freertos/FreeRTOS-Kernel/queue.c
compile: ../../../sources/os/freertos/FreeRTOS-Kernel/event_groups.c
compile: ../../../sources/os/freertos/FreeRTOS-Kernel/timers.c
compile: ../../../sources/os/freertos/FreeRTOS-Kernel/stream_buffer.c
compile: ../../../sources/os/freertos/FreeRTOS-Kernel/portable/ARM_CR5/port.c
compile: ../../../sources/os/freertos/FreeRTOS-Kernel/portable/MemMang/heap_5.c
compile: ../../../sources/os/freertos/FreeRTOS-Plus-TCP/FreeRTOS_ARP.c
compile: ../../../sources/os/freertos/FreeRTOS-Plus-TCP/FreeRTOS_DHCP.c
compile: ../../../sources/os/freertos/FreeRTOS-Plus-TCP/FreeRTOS_DNS.c
compile: ../../../sources/os/freertos/FreeRTOS-Plus-TCP/FreeRTOS_IP.c
compile: ../../../sources/os/freertos/FreeRTOS-Plus-TCP/FreeRTOS_Sockets.c
compile: ../../../sources/os/freertos/FreeRTOS-Plus-TCP/FreeRTOS_Stream_Buffer.c
compile: ../../../sources/os/freertos/FreeRTOS-Plus-TCP/FreeRTOS_TCP_IP.c
compile: ../../../sources/os/freertos/FreeRTOS-Plus-TCP/FreeRTOS_TCP_WIN.c
compile: ../../../sources/os/freertos/FreeRTOS-Plus-TCP/FreeRTOS_UDP_IP.c
compile: ../../../sources/os/freertos/FreeRTOS-Plus-TCP/FreeRTOS_Port.c
compile: ../../../sources/os/freertos/FreeRTOS-Plus-TCP/portable/BufferManagement/BufferAllocation_1.c
compile: ../../../sources/os/freertos/FreeRTOS-Plus-TCP/portable/NetworkInterface/board_family/NetworkInterface.c
compile: ../../../sources/sal/sal_api.c
compile: ../../../sources/sal/sal_freertos/sal_freertos_impl.c
compile: ../../../sources/core/GCC/startup.S
compile: ../../../sources/core/GCC/vector.S
compile: ../../../sources/core/GCC/vfp_init.S
compile: ../../../sources/core/GCC/arm_a.S
compile: ../../../sources/os/freertos/FreeRTOS-Kernel/portable/ARM_CR5/GCC/portASM.S
compile: ../../../sources/os/freertos/FreeRTOS-Kernel/portable/ARM_CR5/GCC/freertos.S
compile: ../../../sources/sal/sal.S
compile: ../../../sources/app.sample/app.can.demo/can_demo.c
